\BOOKMARK [1][-]{section.1}{\376\377\000I\000n\000t\000r\000o\000d\000u\000c\000c\000i\000\363\000n}{}% 1
\BOOKMARK [1][-]{section.2}{\376\377\000M\000a\000r\000c\000o\000\040\000t\000e\000\363\000r\000i\000c\000o\000\040\000y\000\040\000t\000r\000a\000b\000a\000j\000o\000s\000\040\000r\000e\000l\000a\000c\000i\000o\000n\000a\000d\000o\000s}{}% 2
\BOOKMARK [1][-]{section.3}{\376\377\000M\000e\000t\000o\000d\000o\000l\000o\000g\000\355\000a}{}% 3
\BOOKMARK [2][-]{subsection.3.1}{\376\377\000D\000i\000s\000e\000\361\000o\000\040\000c\000e\000n\000t\000r\000a\000d\000o\000\040\000e\000n\000\040\000e\000l\000\040\000u\000s\000u\000a\000r\000i\000o}{section.3}% 4
\BOOKMARK [2][-]{subsection.3.2}{\376\377\000E\000s\000t\000r\000a\000t\000e\000g\000i\000a\000s\000\040\000d\000e\000\040\000a\000d\000o\000p\000c\000i\000\363\000n\000\040\000t\000e\000c\000n\000o\000l\000\363\000g\000i\000c\000a}{section.3}% 5
\BOOKMARK [2][-]{subsection.3.3}{\376\377\000F\000u\000n\000c\000i\000o\000n\000a\000l\000i\000d\000a\000d\000e\000s\000\040\000o\000f\000f\000l\000i\000n\000e\000\040\000y\000\040\000s\000i\000n\000c\000r\000o\000n\000i\000z\000a\000c\000i\000\363\000n}{section.3}% 6
\BOOKMARK [2][-]{subsection.3.4}{\376\377\000V\000a\000l\000i\000d\000a\000c\000i\000\363\000n\000\040\000y\000\040\000e\000v\000a\000l\000u\000a\000c\000i\000\363\000n}{section.3}% 7
\BOOKMARK [1][-]{section.4}{\376\377\000I\000m\000p\000l\000e\000m\000e\000n\000t\000a\000c\000i\000\363\000n\000\040\000d\000e\000l\000\040\000P\000o\000r\000t\000a\000l\000\040\000A\000g\000r\000o\000\040\000C\000o\000m\000e\000r\000c\000i\000a\000l\000\040\000d\000e\000l\000\040\000H\000u\000i\000l\000a}{}% 8
\BOOKMARK [2][-]{subsection.4.1}{\376\377\000C\000o\000n\000t\000r\000o\000l\000\040\000d\000e\000\040\000V\000e\000n\000t\000a\000s\000\040\000y\000\040\000T\000r\000a\000n\000s\000p\000a\000r\000e\000n\000c\000i\000a}{section.4}% 9
\BOOKMARK [2][-]{subsection.4.2}{\376\377\000E\000c\000o\000s\000i\000s\000t\000e\000m\000a\000\040\000D\000i\000g\000i\000t\000a\000l\000\040\000I\000n\000t\000e\000g\000r\000a\000d\000o}{section.4}% 10
\BOOKMARK [2][-]{subsection.4.3}{\376\377\000F\000u\000n\000c\000i\000o\000n\000a\000l\000i\000d\000a\000d\000e\000s\000\040\000A\000v\000a\000n\000z\000a\000d\000a\000s}{section.4}% 11
\BOOKMARK [2][-]{subsection.4.4}{\376\377\000M\000o\000d\000o\000\040\000O\000f\000f\000l\000i\000n\000e\000\040\000y\000\040\000C\000o\000n\000e\000c\000t\000i\000v\000i\000d\000a\000d}{section.4}% 12
\BOOKMARK [2][-]{subsection.4.5}{\376\377\000E\000d\000u\000c\000a\000c\000i\000\363\000n\000\040\000D\000i\000g\000i\000t\000a\000l\000\040\000y\000\040\000C\000a\000p\000a\000c\000i\000t\000a\000c\000i\000\363\000n}{section.4}% 13
\BOOKMARK [2][-]{subsection.4.6}{\376\377\000A\000n\000\341\000l\000i\000s\000i\000s\000\040\000d\000e\000\040\000D\000a\000t\000o\000s\000\040\000y\000\040\000T\000o\000m\000a\000\040\000d\000e\000\040\000D\000e\000c\000i\000s\000i\000o\000n\000e\000s}{section.4}% 14
\BOOKMARK [2][-]{subsection.4.7}{\376\377\000R\000e\000a\000l\000i\000d\000a\000d\000\040\000A\000u\000m\000e\000n\000t\000a\000d\000a\000\040\000p\000a\000r\000a\000\040\000D\000i\000a\000g\000n\000\363\000s\000t\000i\000c\000o}{section.4}% 15
\BOOKMARK [2][-]{subsection.4.8}{\376\377\000B\000l\000o\000c\000k\000c\000h\000a\000i\000n\000\040\000y\000\040\000C\000e\000r\000t\000i\000f\000i\000c\000a\000c\000i\000\363\000n}{section.4}% 16
\BOOKMARK [2][-]{subsection.4.9}{\376\377\000E\000c\000o\000n\000o\000m\000\355\000a\000\040\000C\000o\000l\000a\000b\000o\000r\000a\000t\000i\000v\000a}{section.4}% 17
\BOOKMARK [2][-]{subsection.4.10}{\376\377\000I\000n\000c\000l\000u\000s\000i\000\363\000n\000\040\000F\000i\000n\000a\000n\000c\000i\000e\000r\000a}{section.4}% 18
\BOOKMARK [1][-]{section.5}{\376\377\000R\000e\000s\000u\000l\000t\000a\000d\000o\000s\000\040\000e\000\040\000I\000m\000p\000a\000c\000t\000o\000s}{}% 19
\BOOKMARK [2][-]{subsection.5.1}{\376\377\000E\000l\000i\000m\000i\000n\000a\000c\000i\000\363\000n\000\040\000d\000e\000\040\000I\000n\000t\000e\000r\000m\000e\000d\000i\000a\000r\000i\000o\000s\000\040\000y\000\040\000C\000o\000m\000e\000r\000c\000i\000o\000\040\000J\000u\000s\000t\000o}{section.5}% 20
\BOOKMARK [2][-]{subsection.5.2}{\376\377\000R\000e\000d\000u\000c\000c\000i\000\363\000n\000\040\000d\000e\000\040\000P\000\351\000r\000d\000i\000d\000a\000s\000\040\000y\000\040\000E\000f\000i\000c\000i\000e\000n\000c\000i\000a\000\040\000L\000o\000g\000\355\000s\000t\000i\000c\000a}{section.5}% 21
\BOOKMARK [2][-]{subsection.5.3}{\376\377\000A\000d\000o\000p\000c\000i\000\363\000n\000\040\000T\000e\000c\000n\000o\000l\000\363\000g\000i\000c\000a\000\040\000y\000\040\000C\000a\000p\000a\000c\000i\000t\000a\000c\000i\000\363\000n}{section.5}% 22
\BOOKMARK [2][-]{subsection.5.4}{\376\377\000I\000m\000p\000a\000c\000t\000o\000s\000\040\000S\000o\000c\000i\000o\000e\000c\000o\000n\000\363\000m\000i\000c\000o\000s}{section.5}% 23
\BOOKMARK [2][-]{subsection.5.5}{\376\377\000M\000\351\000t\000r\000i\000c\000a\000s\000\040\000d\000e\000\040\000S\000o\000s\000t\000e\000n\000i\000b\000i\000l\000i\000d\000a\000d}{section.5}% 24
\BOOKMARK [1][-]{section.6}{\376\377\000D\000i\000s\000c\000u\000s\000i\000\363\000n}{}% 25
\BOOKMARK [2][-]{subsection.6.1}{\376\377\000B\000a\000r\000r\000e\000r\000a\000s\000\040\000E\000c\000o\000n\000\363\000m\000i\000c\000a\000s\000\040\000y\000\040\000C\000u\000l\000t\000u\000r\000a\000l\000e\000s}{section.6}% 26
\BOOKMARK [2][-]{subsection.6.2}{\376\377\000D\000e\000s\000a\000f\000\355\000o\000s\000\040\000d\000e\000\040\000C\000o\000n\000e\000c\000t\000i\000v\000i\000d\000a\000d\000\040\000R\000u\000r\000a\000l}{section.6}% 27
\BOOKMARK [2][-]{subsection.6.3}{\376\377\000C\000o\000m\000p\000a\000r\000a\000c\000i\000\363\000n\000\040\000c\000o\000n\000\040\000L\000i\000t\000e\000r\000a\000t\000u\000r\000a\000\040\000R\000e\000l\000a\000c\000i\000o\000n\000a\000d\000a}{section.6}% 28
\BOOKMARK [2][-]{subsection.6.4}{\376\377\000I\000m\000p\000l\000i\000c\000a\000c\000i\000o\000n\000e\000s\000\040\000p\000a\000r\000a\000\040\000P\000o\000l\000\355\000t\000i\000c\000a\000s\000\040\000P\000\372\000b\000l\000i\000c\000a\000s}{section.6}% 29
\BOOKMARK [2][-]{subsection.6.5}{\376\377\000L\000i\000m\000i\000t\000a\000c\000i\000o\000n\000e\000s\000\040\000y\000\040\000A\000m\000e\000n\000a\000z\000a\000s\000\040\000a\000\040\000l\000a\000\040\000V\000a\000l\000i\000d\000e\000z}{section.6}% 30
\BOOKMARK [2][-]{subsection.6.6}{\376\377\000I\000m\000p\000a\000c\000t\000o\000\040\000d\000e\000l\000\040\000C\000a\000m\000b\000i\000o\000\040\000C\000l\000i\000m\000\341\000t\000i\000c\000o}{section.6}% 31
\BOOKMARK [2][-]{subsection.6.7}{\376\377\000V\000i\000s\000i\000\363\000n\000\040\000F\000u\000t\000u\000r\000i\000s\000t\000a\000\040\000d\000e\000l\000\040\000A\000g\000r\000o\000\040\000C\000o\000l\000o\000m\000b\000i\000a\000n\000o}{section.6}% 32
\BOOKMARK [2][-]{subsection.6.8}{\376\377\000B\000a\000r\000r\000e\000r\000a\000s\000\040\000C\000u\000l\000t\000u\000r\000a\000l\000e\000s\000\040\000y\000\040\000d\000e\000\040\000A\000d\000o\000p\000c\000i\000\363\000n}{section.6}% 33
\BOOKMARK [2][-]{subsection.6.9}{\376\377\000I\000m\000p\000a\000c\000t\000o\000\040\000e\000n\000\040\000l\000a\000\040\000E\000c\000o\000n\000o\000m\000\355\000a\000\040\000L\000o\000c\000a\000l}{section.6}% 34
\BOOKMARK [2][-]{subsection.6.10}{\376\377\000D\000e\000s\000a\000f\000\355\000o\000s\000\040\000d\000e\000\040\000E\000s\000c\000a\000l\000a\000b\000i\000l\000i\000d\000a\000d}{section.6}% 35
\BOOKMARK [2][-]{subsection.6.11}{\376\377\000C\000o\000m\000p\000a\000r\000a\000c\000i\000\363\000n\000\040\000c\000o\000n\000\040\000I\000n\000i\000c\000i\000a\000t\000i\000v\000a\000s\000\040\000G\000l\000o\000b\000a\000l\000e\000s}{section.6}% 36
\BOOKMARK [1][-]{section.7}{\376\377\000C\000o\000n\000c\000l\000u\000s\000i\000o\000n\000e\000s\000\040\000y\000\040\000V\000i\000s\000i\000\363\000n\000\040\000F\000u\000t\000u\000r\000a}{}% 37
\BOOKMARK [2][-]{subsection.7.1}{\376\377\000T\000r\000a\000b\000a\000j\000o\000\040\000F\000u\000t\000u\000r\000o}{section.7}% 38
\BOOKMARK [1][-]{section.8}{\376\377\000I\000m\000p\000l\000e\000m\000e\000n\000t\000a\000c\000i\000\363\000n\000\040\000e\000n\000\040\000e\000l\000\040\000p\000r\000o\000y\000e\000c\000t\000o\000\040\000P\000o\000r\000t\000a\000l\000\040\000A\000g\000r\000o\000c\000o\000m\000e\000r\000c\000i\000a\000l\000\040\000d\000e\000l\000\040\000H\000u\000i\000l\000a}{}% 39
\BOOKMARK [1][-]{section.9}{\376\377\000I\000n\000t\000r\000o\000d\000u\000c\000c\000i\000\363\000n}{}% 40
\BOOKMARK [1][-]{section.10}{\376\377\000M\000a\000r\000c\000o\000\040\000t\000e\000\363\000r\000i\000c\000o\000\040\000y\000\040\000t\000r\000a\000b\000a\000j\000o\000s\000\040\000r\000e\000l\000a\000c\000i\000o\000n\000a\000d\000o\000s}{}% 41
\BOOKMARK [1][-]{section.11}{\376\377\000M\000e\000t\000o\000d\000o\000l\000o\000g\000\355\000a}{}% 42
\BOOKMARK [2][-]{subsection.11.1}{\376\377\000E\000n\000f\000o\000q\000u\000e\000\040\000e\000n\000\040\000I\000n\000n\000o\000v\000a\000c\000i\000\363\000n}{section.11}% 43
\BOOKMARK [2][-]{subsection.11.2}{\376\377\000I\000n\000t\000e\000g\000r\000a\000c\000i\000\363\000n\000\040\000T\000e\000c\000n\000o\000l\000\363\000g\000i\000c\000a}{section.11}% 44
\BOOKMARK [2][-]{subsection.11.3}{\376\377\000V\000a\000l\000i\000d\000a\000c\000i\000\363\000n}{section.11}% 45
\BOOKMARK [1][-]{section.12}{\376\377\000I\000m\000p\000l\000e\000m\000e\000n\000t\000a\000c\000i\000\363\000n\000\040\000d\000e\000l\000\040\000P\000o\000r\000t\000a\000l\000\040\000A\000g\000r\000o\000\040\000C\000o\000m\000e\000r\000c\000i\000a\000l\000\040\000d\000e\000l\000\040\000H\000u\000i\000l\000a}{}% 46
\BOOKMARK [2][-]{subsection.12.1}{\376\377\000C\000o\000n\000e\000x\000i\000\363\000n\000\040\000c\000o\000n\000\040\000C\000a\000d\000e\000n\000a\000s\000\040\000d\000e\000\040\000V\000a\000l\000o\000r}{section.12}% 47
\BOOKMARK [2][-]{subsection.12.2}{\376\377\000H\000e\000r\000r\000a\000m\000i\000e\000n\000t\000a\000s\000\040\000d\000e\000\040\000I\000n\000n\000o\000v\000a\000c\000i\000\363\000n}{section.12}% 48
\BOOKMARK [1][-]{section.13}{\376\377\000R\000e\000s\000u\000l\000t\000a\000d\000o\000s\000\040\000e\000\040\000I\000m\000p\000a\000c\000t\000o\000s}{}% 49
\BOOKMARK [2][-]{subsection.13.1}{\376\377\000I\000n\000c\000r\000e\000m\000e\000n\000t\000o\000\040\000e\000n\000\040\000V\000a\000l\000o\000r\000\040\000A\000g\000r\000e\000g\000a\000d\000o}{section.13}% 50
\BOOKMARK [2][-]{subsection.13.2}{\376\377\000A\000d\000o\000p\000c\000i\000\363\000n\000\040\000d\000e\000\040\000T\000e\000c\000n\000o\000l\000o\000g\000\355\000a\000s}{section.13}% 51
\BOOKMARK [1][-]{section.14}{\376\377\000D\000i\000s\000c\000u\000s\000i\000\363\000n}{}% 52
\BOOKMARK [2][-]{subsection.14.1}{\376\377\000O\000p\000o\000r\000t\000u\000n\000i\000d\000a\000d\000e\000s\000\040\000y\000\040\000D\000e\000s\000a\000f\000\355\000o\000s}{section.14}% 53
\BOOKMARK [2][-]{subsection.14.2}{\376\377\000C\000o\000m\000p\000a\000r\000a\000c\000i\000\363\000n\000\040\000c\000o\000n\000\040\000L\000i\000t\000e\000r\000a\000t\000u\000r\000a}{section.14}% 54
\BOOKMARK [1][-]{section.15}{\376\377\000C\000o\000n\000c\000l\000u\000s\000i\000o\000n\000e\000s\000\040\000y\000\040\000V\000i\000s\000i\000\363\000n\000\040\000F\000u\000t\000u\000r\000a}{}% 55
\BOOKMARK [2][-]{subsection.15.1}{\376\377\000T\000r\000a\000b\000a\000j\000o\000\040\000F\000u\000t\000u\000r\000o}{section.15}% 56
\BOOKMARK [1][-]{section.16}{\376\377\000I\000m\000p\000l\000e\000m\000e\000n\000t\000a\000c\000i\000\363\000n\000\040\000e\000n\000\040\000e\000l\000\040\000p\000r\000o\000y\000e\000c\000t\000o\000\040\000P\000o\000r\000t\000a\000l\000\040\000A\000g\000r\000o\000c\000o\000m\000e\000r\000c\000i\000a\000l\000\040\000d\000e\000l\000\040\000H\000u\000i\000l\000a}{}% 57
\BOOKMARK [1][-]{section.17}{\376\377\000I\000n\000t\000r\000o\000d\000u\000c\000c\000i\000\363\000n}{}% 58
\BOOKMARK [1][-]{section.18}{\376\377\000M\000a\000r\000c\000o\000\040\000t\000e\000\363\000r\000i\000c\000o\000\040\000y\000\040\000t\000r\000a\000b\000a\000j\000o\000s\000\040\000r\000e\000l\000a\000c\000i\000o\000n\000a\000d\000o\000s}{}% 59
\BOOKMARK [1][-]{section.19}{\376\377\000M\000e\000t\000o\000d\000o\000l\000o\000g\000\355\000a}{}% 60
\BOOKMARK [2][-]{subsection.19.1}{\376\377\000A\000n\000\341\000l\000i\000s\000i\000s\000\040\000d\000e\000\040\000N\000e\000c\000e\000s\000i\000d\000a\000d\000e\000s\000\040\000R\000u\000r\000a\000l\000e\000s}{section.19}% 61
\BOOKMARK [2][-]{subsection.19.2}{\376\377\000D\000e\000s\000a\000r\000r\000o\000l\000l\000o\000\040\000d\000e\000\040\000S\000o\000l\000u\000c\000i\000o\000n\000e\000s}{section.19}% 62
\BOOKMARK [2][-]{subsection.19.3}{\376\377\000E\000v\000a\000l\000u\000a\000c\000i\000\363\000n}{section.19}% 63
\BOOKMARK [1][-]{section.20}{\376\377\000I\000m\000p\000l\000e\000m\000e\000n\000t\000a\000c\000i\000\363\000n\000\040\000d\000e\000l\000\040\000P\000o\000r\000t\000a\000l\000\040\000A\000g\000r\000o\000\040\000C\000o\000m\000e\000r\000c\000i\000a\000l\000\040\000d\000e\000l\000\040\000H\000u\000i\000l\000a}{}% 64
\BOOKMARK [2][-]{subsection.20.1}{\376\377\000C\000o\000n\000e\000c\000t\000i\000v\000i\000d\000a\000d\000\040\000y\000\040\000A\000c\000c\000e\000s\000o}{section.20}% 65
\BOOKMARK [2][-]{subsection.20.2}{\376\377\000C\000a\000p\000a\000c\000i\000t\000a\000c\000i\000\363\000n\000\040\000D\000i\000g\000i\000t\000a\000l}{section.20}% 66
\BOOKMARK [1][-]{section.21}{\376\377\000R\000e\000s\000u\000l\000t\000a\000d\000o\000s\000\040\000e\000\040\000I\000m\000p\000a\000c\000t\000o\000s}{}% 67
\BOOKMARK [2][-]{subsection.21.1}{\376\377\000R\000e\000d\000u\000c\000c\000i\000\363\000n\000\040\000d\000e\000\040\000B\000r\000e\000c\000h\000a\000s}{section.21}% 68
\BOOKMARK [2][-]{subsection.21.2}{\376\377\000I\000m\000p\000a\000c\000t\000o\000s\000\040\000S\000o\000c\000i\000o\000e\000c\000o\000n\000\363\000m\000i\000c\000o\000s}{section.21}% 69
\BOOKMARK [1][-]{section.22}{\376\377\000D\000i\000s\000c\000u\000s\000i\000\363\000n}{}% 70
\BOOKMARK [2][-]{subsection.22.1}{\376\377\000D\000e\000s\000a\000f\000\355\000o\000s\000\040\000d\000e\000\040\000I\000m\000p\000l\000e\000m\000e\000n\000t\000a\000c\000i\000\363\000n}{section.22}% 71
\BOOKMARK [2][-]{subsection.22.2}{\376\377\000C\000o\000m\000p\000a\000r\000a\000c\000i\000\363\000n\000\040\000c\000o\000n\000\040\000L\000i\000t\000e\000r\000a\000t\000u\000r\000a}{section.22}% 72
\BOOKMARK [1][-]{section.23}{\376\377\000C\000o\000n\000c\000l\000u\000s\000i\000o\000n\000e\000s\000\040\000y\000\040\000V\000i\000s\000i\000\363\000n\000\040\000F\000u\000t\000u\000r\000a}{}% 73
\BOOKMARK [2][-]{subsection.23.1}{\376\377\000T\000r\000a\000b\000a\000j\000o\000\040\000F\000u\000t\000u\000r\000o}{section.23}% 74
\BOOKMARK [1][-]{section.24}{\376\377\000I\000m\000p\000l\000e\000m\000e\000n\000t\000a\000c\000i\000\363\000n\000\040\000e\000n\000\040\000e\000l\000\040\000p\000r\000o\000y\000e\000c\000t\000o\000\040\000P\000o\000r\000t\000a\000l\000\040\000A\000g\000r\000o\000c\000o\000m\000e\000r\000c\000i\000a\000l\000\040\000d\000e\000l\000\040\000H\000u\000i\000l\000a}{}% 75
\BOOKMARK [1][-]{section.25}{\376\377\000I\000n\000t\000r\000o\000d\000u\000c\000c\000i\000\363\000n}{}% 76
\BOOKMARK [1][-]{section.26}{\376\377\000M\000a\000r\000c\000o\000\040\000t\000e\000\363\000r\000i\000c\000o\000\040\000y\000\040\000t\000r\000a\000b\000a\000j\000o\000s\000\040\000r\000e\000l\000a\000c\000i\000o\000n\000a\000d\000o\000s}{}% 77
\BOOKMARK [1][-]{section.27}{\376\377\000M\000e\000t\000o\000d\000o\000l\000o\000g\000\355\000a}{}% 78
\BOOKMARK [2][-]{subsection.27.1}{\376\377\000D\000e\000s\000a\000r\000r\000o\000l\000l\000o\000\040\000d\000e\000\040\000M\000o\000d\000e\000l\000o\000s\000\040\000I\000A}{section.27}% 79
\BOOKMARK [2][-]{subsection.27.2}{\376\377\000I\000n\000t\000e\000g\000r\000a\000c\000i\000\363\000n\000\040\000e\000n\000\040\000P\000l\000a\000t\000a\000f\000o\000r\000m\000a}{section.27}% 80
\BOOKMARK [2][-]{subsection.27.3}{\376\377\000V\000a\000l\000i\000d\000a\000c\000i\000\363\000n}{section.27}% 81
\BOOKMARK [1][-]{section.28}{\376\377\000I\000m\000p\000l\000e\000m\000e\000n\000t\000a\000c\000i\000\363\000n\000\040\000d\000e\000l\000\040\000P\000o\000r\000t\000a\000l\000\040\000A\000g\000r\000o\000\040\000C\000o\000m\000e\000r\000c\000i\000a\000l\000\040\000d\000e\000l\000\040\000H\000u\000i\000l\000a}{}% 82
\BOOKMARK [2][-]{subsection.28.1}{\376\377\000A\000p\000l\000i\000c\000a\000c\000i\000o\000n\000e\000s\000\040\000E\000s\000p\000e\000c\000\355\000f\000i\000c\000a\000s}{section.28}% 83
\BOOKMARK [2][-]{subsection.28.2}{\376\377\000A\000c\000c\000e\000s\000o\000\040\000I\000n\000c\000l\000u\000s\000i\000v\000o}{section.28}% 84
\BOOKMARK [1][-]{section.29}{\376\377\000R\000e\000s\000u\000l\000t\000a\000d\000o\000s\000\040\000e\000\040\000I\000m\000p\000a\000c\000t\000o\000s}{}% 85
\BOOKMARK [2][-]{subsection.29.1}{\376\377\000E\000f\000i\000c\000i\000e\000n\000c\000i\000a\000\040\000e\000n\000\040\000T\000o\000m\000a\000\040\000d\000e\000\040\000D\000e\000c\000i\000s\000i\000o\000n\000e\000s}{section.29}% 86
\BOOKMARK [2][-]{subsection.29.2}{\376\377\000A\000d\000o\000p\000c\000i\000\363\000n}{section.29}% 87
\BOOKMARK [1][-]{section.30}{\376\377\000D\000i\000s\000c\000u\000s\000i\000\363\000n}{}% 88
\BOOKMARK [2][-]{subsection.30.1}{\376\377\000D\000e\000s\000a\000f\000\355\000o\000s}{section.30}% 89
\BOOKMARK [2][-]{subsection.30.2}{\376\377\000C\000o\000m\000p\000a\000r\000a\000c\000i\000\363\000n\000\040\000c\000o\000n\000\040\000L\000i\000t\000e\000r\000a\000t\000u\000r\000a}{section.30}% 90
\BOOKMARK [1][-]{section.31}{\376\377\000C\000o\000n\000c\000l\000u\000s\000i\000o\000n\000e\000s\000\040\000y\000\040\000V\000i\000s\000i\000\363\000n\000\040\000F\000u\000t\000u\000r\000a}{}% 91
\BOOKMARK [2][-]{subsection.31.1}{\376\377\000T\000r\000a\000b\000a\000j\000o\000\040\000F\000u\000t\000u\000r\000o}{section.31}% 92
\BOOKMARK [1][-]{section.32}{\376\377\000I\000m\000p\000l\000e\000m\000e\000n\000t\000a\000c\000i\000\363\000n\000\040\000e\000n\000\040\000e\000l\000\040\000p\000r\000o\000y\000e\000c\000t\000o\000\040\000P\000o\000r\000t\000a\000l\000\040\000A\000g\000r\000o\000c\000o\000m\000e\000r\000c\000i\000a\000l\000\040\000d\000e\000l\000\040\000H\000u\000i\000l\000a}{}% 93
\BOOKMARK [1][-]{section.33}{\376\377\000I\000n\000t\000r\000o\000d\000u\000c\000c\000i\000\363\000n}{}% 94
\BOOKMARK [1][-]{section.34}{\376\377\000M\000a\000r\000c\000o\000\040\000t\000e\000\363\000r\000i\000c\000o\000\040\000y\000\040\000t\000r\000a\000b\000a\000j\000o\000s\000\040\000r\000e\000l\000a\000c\000i\000o\000n\000a\000d\000o\000s}{}% 95
\BOOKMARK [1][-]{section.35}{\376\377\000M\000e\000t\000o\000d\000o\000l\000o\000g\000\355\000a}{}% 96
\BOOKMARK [2][-]{subsection.35.1}{\376\377\000D\000i\000s\000e\000\361\000o\000\040\000d\000e\000\040\000C\000a\000d\000e\000n\000a\000s}{section.35}% 97
\BOOKMARK [2][-]{subsection.35.2}{\376\377\000I\000m\000p\000l\000e\000m\000e\000n\000t\000a\000c\000i\000\363\000n\000\040\000T\000e\000c\000n\000o\000l\000\363\000g\000i\000c\000a}{section.35}% 98
\BOOKMARK [2][-]{subsection.35.3}{\376\377\000E\000v\000a\000l\000u\000a\000c\000i\000\363\000n}{section.35}% 99
\BOOKMARK [1][-]{section.36}{\376\377\000I\000m\000p\000l\000e\000m\000e\000n\000t\000a\000c\000i\000\363\000n\000\040\000d\000e\000l\000\040\000P\000o\000r\000t\000a\000l\000\040\000A\000g\000r\000o\000\040\000C\000o\000m\000e\000r\000c\000i\000a\000l\000\040\000d\000e\000l\000\040\000H\000u\000i\000l\000a}{}% 100
\BOOKMARK [2][-]{subsection.36.1}{\376\377\000C\000o\000n\000e\000x\000i\000\363\000n\000\040\000d\000e\000\040\000A\000c\000t\000o\000r\000e\000s}{section.36}% 101
\BOOKMARK [2][-]{subsection.36.2}{\376\377\000H\000e\000r\000r\000a\000m\000i\000e\000n\000t\000a\000s\000\040\000I\000n\000t\000e\000l\000i\000g\000e\000n\000t\000e\000s}{section.36}% 102
\BOOKMARK [1][-]{section.37}{\376\377\000R\000e\000s\000u\000l\000t\000a\000d\000o\000s\000\040\000e\000\040\000I\000m\000p\000a\000c\000t\000o\000s}{}% 103
\BOOKMARK [2][-]{subsection.37.1}{\376\377\000E\000f\000i\000c\000i\000e\000n\000c\000i\000a\000\040\000L\000o\000g\000\355\000s\000t\000i\000c\000a}{section.37}% 104
\BOOKMARK [2][-]{subsection.37.2}{\376\377\000S\000o\000s\000t\000e\000n\000i\000b\000i\000l\000i\000d\000a\000d}{section.37}% 105
\BOOKMARK [1][-]{section.38}{\376\377\000D\000i\000s\000c\000u\000s\000i\000\363\000n}{}% 106
\BOOKMARK [2][-]{subsection.38.1}{\376\377\000D\000e\000s\000a\000f\000\355\000o\000s}{section.38}% 107
\BOOKMARK [2][-]{subsection.38.2}{\376\377\000C\000o\000m\000p\000a\000r\000a\000c\000i\000\363\000n\000\040\000c\000o\000n\000\040\000L\000i\000t\000e\000r\000a\000t\000u\000r\000a}{section.38}% 108
\BOOKMARK [1][-]{section.39}{\376\377\000C\000o\000n\000c\000l\000u\000s\000i\000o\000n\000e\000s\000\040\000y\000\040\000V\000i\000s\000i\000\363\000n\000\040\000F\000u\000t\000u\000r\000a}{}% 109
\BOOKMARK [2][-]{subsection.39.1}{\376\377\000T\000r\000a\000b\000a\000j\000o\000\040\000F\000u\000t\000u\000r\000o}{section.39}% 110
\BOOKMARK [1][-]{section.40}{\376\377\000I\000m\000p\000l\000e\000m\000e\000n\000t\000a\000c\000i\000\363\000n\000\040\000e\000n\000\040\000e\000l\000\040\000p\000r\000o\000y\000e\000c\000t\000o\000\040\000P\000o\000r\000t\000a\000l\000\040\000A\000g\000r\000o\000c\000o\000m\000e\000r\000c\000i\000a\000l\000\040\000d\000e\000l\000\040\000H\000u\000i\000l\000a}{}% 111
\BOOKMARK [1][-]{section.41}{\376\377\000I\000n\000t\000r\000o\000d\000u\000c\000c\000i\000\363\000n}{}% 112
\BOOKMARK [1][-]{section.42}{\376\377\000M\000a\000r\000c\000o\000\040\000t\000e\000\363\000r\000i\000c\000o\000\040\000y\000\040\000t\000r\000a\000b\000a\000j\000o\000s\000\040\000r\000e\000l\000a\000c\000i\000o\000n\000a\000d\000o\000s}{}% 113
\BOOKMARK [1][-]{section.43}{\376\377\000M\000e\000t\000o\000d\000o\000l\000o\000g\000\355\000a}{}% 114
\BOOKMARK [2][-]{subsection.43.1}{\376\377\000E\000s\000t\000r\000a\000t\000e\000g\000i\000a\000s\000\040\000d\000e\000\040\000T\000r\000a\000n\000s\000f\000o\000r\000m\000a\000c\000i\000\363\000n}{section.43}% 115
\BOOKMARK [2][-]{subsection.43.2}{\376\377\000H\000e\000r\000r\000a\000m\000i\000e\000n\000t\000a\000s\000\040\000D\000i\000g\000i\000t\000a\000l\000e\000s}{section.43}% 116
\BOOKMARK [2][-]{subsection.43.3}{\376\377\000M\000e\000d\000i\000c\000i\000\363\000n\000\040\000d\000e\000\040\000C\000a\000m\000b\000i\000o}{section.43}% 117
\BOOKMARK [1][-]{section.44}{\376\377\000I\000m\000p\000l\000e\000m\000e\000n\000t\000a\000c\000i\000\363\000n\000\040\000d\000e\000l\000\040\000P\000o\000r\000t\000a\000l\000\040\000A\000g\000r\000o\000\040\000C\000o\000m\000e\000r\000c\000i\000a\000l\000\040\000d\000e\000l\000\040\000H\000u\000i\000l\000a}{}% 118
\BOOKMARK [2][-]{subsection.44.1}{\376\377\000C\000a\000p\000a\000c\000i\000t\000a\000c\000i\000\363\000n\000\040\000C\000o\000n\000t\000i\000n\000u\000a}{section.44}% 119
\BOOKMARK [2][-]{subsection.44.2}{\376\377\000I\000n\000f\000r\000a\000e\000s\000t\000r\000u\000c\000t\000u\000r\000a\000\040\000d\000e\000\040\000S\000o\000p\000o\000r\000t\000e}{section.44}% 120
\BOOKMARK [1][-]{section.45}{\376\377\000R\000e\000s\000u\000l\000t\000a\000d\000o\000s\000\040\000e\000\040\000I\000m\000p\000a\000c\000t\000o\000s}{}% 121
\BOOKMARK [2][-]{subsection.45.1}{\376\377\000C\000a\000m\000b\000i\000o\000\040\000C\000u\000l\000t\000u\000r\000a\000l}{section.45}% 122
\BOOKMARK [2][-]{subsection.45.2}{\376\377\000D\000e\000s\000a\000r\000r\000o\000l\000l\000o\000\040\000S\000o\000s\000t\000e\000n\000i\000b\000l\000e}{section.45}% 123
\BOOKMARK [1][-]{section.46}{\376\377\000D\000i\000s\000c\000u\000s\000i\000\363\000n}{}% 124
\BOOKMARK [2][-]{subsection.46.1}{\376\377\000B\000a\000r\000r\000e\000r\000a\000s}{section.46}% 125
\BOOKMARK [2][-]{subsection.46.2}{\376\377\000C\000o\000m\000p\000a\000r\000a\000c\000i\000\363\000n\000\040\000c\000o\000n\000\040\000L\000i\000t\000e\000r\000a\000t\000u\000r\000a}{section.46}% 126
\BOOKMARK [1][-]{section.47}{\376\377\000C\000o\000n\000c\000l\000u\000s\000i\000o\000n\000e\000s\000\040\000y\000\040\000V\000i\000s\000i\000\363\000n\000\040\000F\000u\000t\000u\000r\000a}{}% 127
\BOOKMARK [2][-]{subsection.47.1}{\376\377\000T\000r\000a\000b\000a\000j\000o\000\040\000F\000u\000t\000u\000r\000o}{section.47}% 128
\BOOKMARK [1][-]{section.48}{\376\377\000I\000m\000p\000l\000e\000m\000e\000n\000t\000a\000c\000i\000\363\000n\000\040\000e\000n\000\040\000e\000l\000\040\000p\000r\000o\000y\000e\000c\000t\000o\000\040\000P\000o\000r\000t\000a\000l\000\040\000A\000g\000r\000o\000c\000o\000m\000e\000r\000c\000i\000a\000l\000\040\000d\000e\000l\000\040\000H\000u\000i\000l\000a}{}% 129
\BOOKMARK [1][-]{section*.4}{\376\377\000A\000p\000\351\000n\000d\000i\000c\000e}{}% 130
\BOOKMARK [2][-]{subsection.Appendix.A.1}{\376\377\000D\000e\000s\000a\000f\000\355\000o\000s\000\040\000d\000e\000\040\000I\000m\000p\000l\000e\000m\000e\000n\000t\000a\000c\000i\000\363\000n}{section*.4}% 131
\BOOKMARK [2][-]{subsection.Appendix.A.2}{\376\377\000B\000e\000n\000e\000f\000i\000c\000i\000o\000s\000\040\000a\000\040\000L\000a\000r\000g\000o\000\040\000P\000l\000a\000z\000o}{section*.4}% 132
\BOOKMARK [2][-]{subsection.Appendix.A.3}{\376\377\000C\000a\000s\000o\000s\000\040\000d\000e\000\040\000\311\000x\000i\000t\000o}{section*.4}% 133
\BOOKMARK [2][-]{subsection.Appendix.A.4}{\376\377\000R\000e\000c\000o\000m\000e\000n\000d\000a\000c\000i\000o\000n\000e\000s\000\040\000F\000u\000t\000u\000r\000a\000s}{section*.4}% 134
