\BOOKMARK [1][-]{section*.1}{\376\377\000R\000e\000s\000u\000m\000e\000n}{}% 1
\BOOKMARK [1][-]{section.1}{\376\377\0001\000\040\000I\000n\000t\000r\000o\000d\000u\000c\000c\000i\000\363\000n}{}% 2
\BOOKMARK [1][-]{section.2}{\376\377\0002\000\040\000A\000n\000t\000e\000c\000e\000d\000e\000n\000t\000e\000s\000:\000\040\000C\000o\000n\000t\000e\000x\000t\000o\000\040\000d\000e\000\040\000l\000a\000\040\000A\000g\000r\000i\000c\000u\000l\000t\000u\000r\000a\000\040\000C\000o\000l\000o\000m\000b\000i\000a\000n\000a}{}% 3
\BOOKMARK [1][-]{section.3}{\376\377\0003\000\040\000T\000r\000a\000n\000s\000f\000o\000r\000m\000a\000c\000i\000\363\000n\000\040\000D\000i\000g\000i\000t\000a\000l\000\040\000e\000n\000\040\000l\000a\000\040\000A\000g\000r\000i\000c\000u\000l\000t\000u\000r\000a}{}% 4
\BOOKMARK [1][-]{section.4}{\376\377\0004\000\040\000S\000o\000l\000u\000c\000i\000\363\000n\000\040\000P\000r\000o\000p\000u\000e\000s\000t\000a\000:\000\040\000P\000o\000r\000t\000a\000l\000\040\000A\000g\000r\000o\000\040\000C\000o\000m\000e\000r\000c\000i\000a\000l\000\040\000d\000e\000l\000\040\000H\000u\000i\000l\000a}{}% 5
\BOOKMARK [1][-]{section.5}{\376\377\0005\000\040\000A\000n\000t\000e\000c\000e\000d\000e\000n\000t\000e\000s\000:\000\040\000C\000o\000n\000t\000e\000x\000t\000o\000\040\000d\000e\000\040\000l\000a\000\040\000A\000g\000r\000i\000c\000u\000l\000t\000u\000r\000a\000\040\000C\000o\000l\000o\000m\000b\000i\000a\000n\000a}{}% 6
\BOOKMARK [1][-]{section.6}{\376\377\0006\000\040\000M\000e\000t\000o\000d\000o\000l\000o\000g\000\355\000a}{}% 7
\BOOKMARK [2][-]{subsection.6.1}{\376\377\0006\000.\0001\000\040\000E\000n\000f\000o\000q\000u\000e\000\040\000d\000e\000\040\000D\000i\000s\000e\000\361\000o\000\040\000C\000e\000n\000t\000r\000a\000d\000o\000\040\000e\000n\000\040\000e\000l\000\040\000U\000s\000u\000a\000r\000i\000o}{section.6}% 8
\BOOKMARK [2][-]{subsection.6.2}{\376\377\0006\000.\0002\000\040\000E\000s\000t\000r\000a\000t\000e\000g\000i\000a\000s\000\040\000d\000e\000\040\000A\000d\000o\000p\000c\000i\000\363\000n\000\040\000T\000e\000c\000n\000o\000l\000\363\000g\000i\000c\000a}{section.6}% 9
\BOOKMARK [2][-]{subsection.6.3}{\376\377\0006\000.\0003\000\040\000F\000u\000n\000c\000i\000o\000n\000a\000l\000i\000d\000a\000d\000\040\000O\000f\000f\000l\000i\000n\000e\000\040\000y\000\040\000S\000i\000n\000c\000r\000o\000n\000i\000z\000a\000c\000i\000\363\000n}{section.6}% 10
\BOOKMARK [2][-]{subsection.6.4}{\376\377\0006\000.\0004\000\040\000M\000a\000r\000c\000o\000\040\000d\000e\000\040\000V\000a\000l\000i\000d\000a\000c\000i\000\363\000n\000\040\000y\000\040\000E\000v\000a\000l\000u\000a\000c\000i\000\363\000n}{section.6}% 11
\BOOKMARK [1][-]{section.7}{\376\377\0007\000\040\000S\000o\000l\000u\000c\000i\000\363\000n\000\040\000P\000r\000o\000p\000u\000e\000s\000t\000a\000:\000\040\000P\000o\000r\000t\000a\000l\000\040\000A\000g\000r\000o\000\040\000C\000o\000m\000e\000r\000c\000i\000a\000l\000\040\000d\000e\000l\000\040\000H\000u\000i\000l\000a}{}% 12
\BOOKMARK [2][-]{subsection.7.1}{\376\377\0007\000.\0001\000\040\000M\000\363\000d\000u\000l\000o\000\040\000d\000e\000\040\000C\000o\000n\000t\000r\000o\000l\000\040\000d\000e\000\040\000V\000e\000n\000t\000a\000s\000\040\000y\000\040\000T\000r\000a\000n\000s\000p\000a\000r\000e\000n\000c\000i\000a}{section.7}% 13
\BOOKMARK [2][-]{subsection.7.2}{\376\377\0007\000.\0002\000\040\000E\000c\000o\000s\000i\000s\000t\000e\000m\000a\000\040\000D\000i\000g\000i\000t\000a\000l\000\040\000I\000n\000t\000e\000g\000r\000a\000d\000o}{section.7}% 14
\BOOKMARK [2][-]{subsection.7.3}{\376\377\0007\000.\0003\000\040\000F\000u\000n\000c\000i\000o\000n\000a\000l\000i\000d\000a\000d\000e\000s\000\040\000A\000v\000a\000n\000z\000a\000d\000a\000s}{section.7}% 15
\BOOKMARK [2][-]{subsection.7.4}{\376\377\0007\000.\0004\000\040\000M\000o\000d\000o\000\040\000O\000f\000f\000l\000i\000n\000e\000\040\000y\000\040\000S\000o\000l\000u\000c\000i\000o\000n\000e\000s\000\040\000d\000e\000\040\000C\000o\000n\000e\000c\000t\000i\000v\000i\000d\000a\000d}{section.7}% 16
\BOOKMARK [2][-]{subsection.7.5}{\376\377\0007\000.\0005\000\040\000E\000d\000u\000c\000a\000c\000i\000\363\000n\000\040\000y\000\040\000C\000a\000p\000a\000c\000i\000t\000a\000c\000i\000\363\000n\000\040\000D\000i\000g\000i\000t\000a\000l}{section.7}% 17
\BOOKMARK [2][-]{subsection.7.6}{\376\377\0007\000.\0006\000\040\000A\000n\000\341\000l\000i\000s\000i\000s\000\040\000d\000e\000\040\000D\000a\000t\000o\000s\000\040\000y\000\040\000T\000o\000m\000a\000\040\000d\000e\000\040\000D\000e\000c\000i\000s\000i\000o\000n\000e\000s}{section.7}% 18
\BOOKMARK [2][-]{subsection.7.7}{\376\377\0007\000.\0007\000\040\000R\000e\000a\000l\000i\000d\000a\000d\000\040\000A\000u\000m\000e\000n\000t\000a\000d\000a\000\040\000p\000a\000r\000a\000\040\000D\000i\000a\000g\000n\000\363\000s\000t\000i\000c\000o}{section.7}% 19
\BOOKMARK [2][-]{subsection.7.8}{\376\377\0007\000.\0008\000\040\000B\000l\000o\000c\000k\000c\000h\000a\000i\000n\000\040\000y\000\040\000C\000e\000r\000t\000i\000f\000i\000c\000a\000c\000i\000\363\000n}{section.7}% 20
\BOOKMARK [2][-]{subsection.7.9}{\376\377\0007\000.\0009\000\040\000E\000c\000o\000n\000o\000m\000\355\000a\000\040\000C\000o\000l\000a\000b\000o\000r\000a\000t\000i\000v\000a}{section.7}% 21
\BOOKMARK [2][-]{subsection.7.10}{\376\377\0007\000.\0001\0000\000\040\000I\000n\000c\000l\000u\000s\000i\000\363\000n\000\040\000F\000i\000n\000a\000n\000c\000i\000e\000r\000a}{section.7}% 22
\BOOKMARK [2][-]{subsection.7.11}{\376\377\0007\000.\0001\0001\000\040\000S\000o\000b\000e\000r\000a\000n\000\355\000a\000\040\000A\000l\000i\000m\000e\000n\000t\000a\000r\000i\000a}{section.7}% 23
\BOOKMARK [2][-]{subsection.7.12}{\376\377\0007\000.\0001\0002\000\040\000V\000i\000s\000i\000\363\000n\000\040\000F\000u\000t\000u\000r\000i\000s\000t\000a\000\040\000d\000e\000l\000\040\000A\000g\000r\000o}{section.7}% 24
\BOOKMARK [2][-]{subsection.7.13}{\376\377\0007\000.\0001\0003\000\040\000L\000o\000g\000\355\000s\000t\000i\000c\000a\000\040\000y\000\040\000C\000a\000d\000e\000n\000a\000\040\000d\000e\000\040\000S\000u\000m\000i\000n\000i\000s\000t\000r\000o}{section.7}% 25
\BOOKMARK [2][-]{subsection.7.14}{\376\377\0007\000.\0001\0004\000\040\000A\000n\000\341\000l\000i\000s\000i\000s\000\040\000d\000e\000\040\000M\000e\000r\000c\000a\000d\000o}{section.7}% 26
\BOOKMARK [2][-]{subsection.7.15}{\376\377\0007\000.\0001\0005\000\040\000P\000a\000r\000t\000i\000c\000i\000p\000a\000c\000i\000\363\000n\000\040\000C\000o\000m\000u\000n\000i\000t\000a\000r\000i\000a}{section.7}% 27
\BOOKMARK [2][-]{subsection.7.16}{\376\377\0007\000.\0001\0006\000\040\000I\000m\000p\000a\000c\000t\000o\000\040\000A\000m\000b\000i\000e\000n\000t\000a\000l}{section.7}% 28
\BOOKMARK [2][-]{subsection.7.17}{\376\377\0007\000.\0001\0007\000\040\000I\000n\000t\000e\000g\000r\000a\000c\000i\000\363\000n\000\040\000T\000e\000c\000n\000o\000l\000\363\000g\000i\000c\000a}{section.7}% 29
\BOOKMARK [2][-]{subsection.7.18}{\376\377\0007\000.\0001\0008\000\040\000E\000d\000u\000c\000a\000c\000i\000\363\000n\000\040\000C\000o\000n\000t\000i\000n\000u\000a}{section.7}% 30
\BOOKMARK [2][-]{subsection.7.19}{\376\377\0007\000.\0001\0009\000\040\000R\000e\000d\000e\000s\000\040\000d\000e\000\040\000C\000o\000l\000a\000b\000o\000r\000a\000c\000i\000\363\000n}{section.7}% 31
\BOOKMARK [2][-]{subsection.7.20}{\376\377\0007\000.\0002\0000\000\040\000E\000v\000a\000l\000u\000a\000c\000i\000\363\000n\000\040\000d\000e\000\040\000I\000m\000p\000a\000c\000t\000o}{section.7}% 32
\BOOKMARK [2][-]{subsection.7.21}{\376\377\0007\000.\0002\0001\000\040\000E\000s\000t\000u\000d\000i\000o\000s\000\040\000d\000e\000\040\000C\000a\000s\000o}{section.7}% 33
\BOOKMARK [2][-]{subsection.7.22}{\376\377\0007\000.\0002\0002\000\040\000D\000e\000s\000a\000f\000\355\000o\000s\000\040\000F\000u\000t\000u\000r\000o\000s}{section.7}% 34
\BOOKMARK [2][-]{subsection.7.23}{\376\377\0007\000.\0002\0003\000\040\000C\000o\000n\000c\000l\000u\000s\000i\000o\000n\000e\000s\000\040\000d\000e\000l\000\040\000A\000p\000\351\000n\000d\000i\000c\000e}{section.7}% 35
\BOOKMARK [2][-]{subsection.7.24}{\376\377\0007\000.\0002\0004\000\040\000S\000e\000g\000u\000r\000i\000d\000a\000d\000\040\000y\000\040\000P\000r\000i\000v\000a\000c\000i\000d\000a\000d\000\040\000d\000e\000\040\000D\000a\000t\000o\000s}{section.7}% 36
\BOOKMARK [2][-]{subsection.7.25}{\376\377\0007\000.\0002\0005\000\040\000E\000s\000c\000a\000l\000a\000b\000i\000l\000i\000d\000a\000d\000\040\000y\000\040\000M\000a\000n\000t\000e\000n\000i\000m\000i\000e\000n\000t\000o}{section.7}% 37
\BOOKMARK [2][-]{subsection.7.26}{\376\377\0007\000.\0002\0006\000\040\000E\000c\000o\000s\000i\000s\000t\000e\000m\000a\000\040\000d\000e\000\040\000S\000o\000p\000o\000r\000t\000e\000\040\000a\000l\000\040\000U\000s\000u\000a\000r\000i\000o}{section.7}% 38
\BOOKMARK [2][-]{subsection.7.27}{\376\377\0007\000.\0002\0007\000\040\000I\000n\000t\000e\000g\000r\000a\000c\000i\000\363\000n\000\040\000c\000o\000n\000\040\000P\000o\000l\000\355\000t\000i\000c\000a\000s\000\040\000N\000a\000c\000i\000o\000n\000a\000l\000e\000s}{section.7}% 39
\BOOKMARK [2][-]{subsection.7.28}{\376\377\0007\000.\0002\0008\000\040\000R\000o\000a\000d\000m\000a\000p\000\040\000d\000e\000\040\000I\000n\000n\000o\000v\000a\000c\000i\000\363\000n}{section.7}% 40
\BOOKMARK [1][-]{section.8}{\376\377\0008\000\040\000I\000m\000p\000a\000c\000t\000o\000\040\000E\000s\000p\000e\000r\000a\000d\000o}{}% 41
\BOOKMARK [2][-]{subsection.8.1}{\376\377\0008\000.\0001\000\040\000E\000l\000i\000m\000i\000n\000a\000c\000i\000\363\000n\000\040\000d\000e\000\040\000I\000n\000t\000e\000r\000m\000e\000d\000i\000a\000r\000i\000o\000s\000\040\000y\000\040\000C\000o\000m\000e\000r\000c\000i\000o\000\040\000J\000u\000s\000t\000o}{section.8}% 42
\BOOKMARK [2][-]{subsection.8.2}{\376\377\0008\000.\0002\000\040\000R\000e\000d\000u\000c\000c\000i\000\363\000n\000\040\000d\000e\000\040\000P\000\351\000r\000d\000i\000d\000a\000s\000\040\000y\000\040\000E\000f\000i\000c\000i\000e\000n\000c\000i\000a\000\040\000L\000o\000g\000\355\000s\000t\000i\000c\000a}{section.8}% 43
\BOOKMARK [2][-]{subsection.8.3}{\376\377\0008\000.\0003\000\040\000A\000d\000o\000p\000c\000i\000\363\000n\000\040\000T\000e\000c\000n\000o\000l\000\363\000g\000i\000c\000a\000\040\000y\000\040\000C\000a\000p\000a\000c\000i\000t\000a\000c\000i\000\363\000n}{section.8}% 44
\BOOKMARK [2][-]{subsection.8.4}{\376\377\0008\000.\0004\000\040\000I\000m\000p\000a\000c\000t\000o\000s\000\040\000S\000o\000c\000i\000o\000e\000c\000o\000n\000\363\000m\000i\000c\000o\000s}{section.8}% 45
\BOOKMARK [2][-]{subsection.8.5}{\376\377\0008\000.\0005\000\040\000M\000\351\000t\000r\000i\000c\000a\000s\000\040\000d\000e\000\040\000S\000o\000s\000t\000e\000n\000i\000b\000i\000l\000i\000d\000a\000d}{section.8}% 46
\BOOKMARK [1][-]{section.9}{\376\377\0009\000\040\000D\000i\000s\000c\000u\000s\000i\000\363\000n}{}% 47
\BOOKMARK [2][-]{subsection.9.1}{\376\377\0009\000.\0001\000\040\000B\000a\000r\000r\000e\000r\000a\000s\000\040\000E\000c\000o\000n\000\363\000m\000i\000c\000a\000s\000\040\000y\000\040\000C\000u\000l\000t\000u\000r\000a\000l\000e\000s}{section.9}% 48
\BOOKMARK [2][-]{subsection.9.2}{\376\377\0009\000.\0002\000\040\000D\000e\000s\000a\000f\000\355\000o\000s\000\040\000d\000e\000\040\000C\000o\000n\000e\000c\000t\000i\000v\000i\000d\000a\000d\000\040\000R\000u\000r\000a\000l}{section.9}% 49
\BOOKMARK [2][-]{subsection.9.3}{\376\377\0009\000.\0003\000\040\000C\000o\000m\000p\000a\000r\000a\000c\000i\000\363\000n\000\040\000c\000o\000n\000\040\000L\000i\000t\000e\000r\000a\000t\000u\000r\000a\000\040\000R\000e\000l\000a\000c\000i\000o\000n\000a\000d\000a}{section.9}% 50
\BOOKMARK [2][-]{subsection.9.4}{\376\377\0009\000.\0004\000\040\000I\000m\000p\000l\000i\000c\000a\000c\000i\000o\000n\000e\000s\000\040\000p\000a\000r\000a\000\040\000P\000o\000l\000\355\000t\000i\000c\000a\000s\000\040\000P\000\372\000b\000l\000i\000c\000a\000s}{section.9}% 51
\BOOKMARK [2][-]{subsection.9.5}{\376\377\0009\000.\0005\000\040\000L\000i\000m\000i\000t\000a\000c\000i\000o\000n\000e\000s\000\040\000y\000\040\000A\000m\000e\000n\000a\000z\000a\000s\000\040\000a\000\040\000l\000a\000\040\000V\000a\000l\000i\000d\000e\000z}{section.9}% 52
\BOOKMARK [2][-]{subsection.9.6}{\376\377\0009\000.\0006\000\040\000I\000m\000p\000a\000c\000t\000o\000\040\000d\000e\000l\000\040\000C\000a\000m\000b\000i\000o\000\040\000C\000l\000i\000m\000\341\000t\000i\000c\000o}{section.9}% 53
\BOOKMARK [2][-]{subsection.9.7}{\376\377\0009\000.\0007\000\040\000V\000i\000s\000i\000\363\000n\000\040\000F\000u\000t\000u\000r\000i\000s\000t\000a\000\040\000d\000e\000\040\000l\000a\000\040\000A\000g\000r\000i\000c\000u\000l\000t\000u\000r\000a\000\040\000C\000o\000l\000o\000m\000b\000i\000a\000n\000a}{section.9}% 54
\BOOKMARK [2][-]{subsection.9.8}{\376\377\0009\000.\0008\000\040\000B\000a\000r\000r\000e\000r\000a\000s\000\040\000C\000u\000l\000t\000u\000r\000a\000l\000e\000s\000\040\000y\000\040\000D\000e\000s\000a\000f\000\355\000o\000s\000\040\000d\000e\000\040\000A\000d\000o\000p\000c\000i\000\363\000n}{section.9}% 55
\BOOKMARK [2][-]{subsection.9.9}{\376\377\0009\000.\0009\000\040\000I\000m\000p\000a\000c\000t\000o\000\040\000e\000n\000\040\000l\000a\000\040\000E\000c\000o\000n\000o\000m\000\355\000a\000\040\000L\000o\000c\000a\000l}{section.9}% 56
\BOOKMARK [2][-]{subsection.9.10}{\376\377\0009\000.\0001\0000\000\040\000D\000e\000s\000a\000f\000\355\000o\000s\000\040\000d\000e\000\040\000E\000s\000c\000a\000l\000a\000b\000i\000l\000i\000d\000a\000d}{section.9}% 57
\BOOKMARK [2][-]{subsection.9.11}{\376\377\0009\000.\0001\0001\000\040\000C\000o\000m\000p\000a\000r\000a\000c\000i\000\363\000n\000\040\000c\000o\000n\000\040\000I\000n\000i\000c\000i\000a\000t\000i\000v\000a\000s\000\040\000G\000l\000o\000b\000a\000l\000e\000s}{section.9}% 58
\BOOKMARK [2][-]{subsection.9.12}{\376\377\0009\000.\0001\0002\000\040\000I\000m\000p\000l\000i\000c\000a\000c\000i\000o\000n\000e\000s\000\040\000M\000\341\000s\000\040\000A\000m\000p\000l\000i\000a\000s}{section.9}% 59
\BOOKMARK [2][-]{subsection.9.13}{\376\377\0009\000.\0001\0003\000\040\000C\000o\000n\000s\000i\000d\000e\000r\000a\000c\000i\000o\000n\000e\000s\000\040\000\311\000t\000i\000c\000a\000s}{section.9}% 60
\BOOKMARK [2][-]{subsection.9.14}{\376\377\0009\000.\0001\0004\000\040\000E\000n\000f\000o\000q\000u\000e\000s\000\040\000I\000n\000t\000e\000r\000d\000i\000s\000c\000i\000p\000l\000i\000n\000a\000r\000i\000o\000s}{section.9}% 61
\BOOKMARK [2][-]{subsection.9.15}{\376\377\0009\000.\0001\0005\000\040\000E\000s\000t\000r\000a\000t\000e\000g\000i\000a\000s\000\040\000d\000e\000\040\000M\000i\000t\000i\000g\000a\000c\000i\000\363\000n\000\040\000d\000e\000\040\000R\000i\000e\000s\000g\000o\000s}{section.9}% 62
\BOOKMARK [2][-]{subsection.9.16}{\376\377\0009\000.\0001\0006\000\040\000O\000p\000o\000r\000t\000u\000n\000i\000d\000a\000d\000e\000s\000\040\000d\000e\000\040\000A\000p\000r\000e\000n\000d\000i\000z\000a\000j\000e\000\040\000G\000l\000o\000b\000a\000l}{section.9}% 63
\BOOKMARK [2][-]{subsection.9.17}{\376\377\0009\000.\0001\0007\000\040\000V\000i\000s\000i\000\363\000n\000\040\000a\000\040\000L\000a\000r\000g\000o\000\040\000P\000l\000a\000z\000o}{section.9}% 64
\BOOKMARK [1][-]{section.10}{\376\377\0001\0000\000\040\000C\000o\000n\000c\000l\000u\000s\000i\000o\000n\000e\000s}{}% 65
\BOOKMARK [2][-]{subsection.10.1}{\376\377\0001\0000\000.\0001\000\040\000T\000r\000a\000b\000a\000j\000o\000\040\000F\000u\000t\000u\000r\000o}{section.10}% 66
\BOOKMARK [1][-]{appendix.Alph1}{\376\377\000A\000\040\000C\000h\000e\000c\000k\000l\000i\000s\000t\000\040\000d\000e\000\040\000r\000e\000p\000r\000o\000d\000u\000c\000i\000b\000i\000l\000i\000d\000a\000d\000\040\000\050\000p\000l\000a\000n\000t\000i\000l\000l\000a\000\051}{}% 67
\BOOKMARK [1][-]{appendix.Alph2}{\376\377\000B\000\040\000R\000e\000f\000e\000r\000e\000n\000c\000i\000a\000s\000\040\000A\000d\000i\000c\000i\000o\000n\000a\000l\000e\000s}{}% 68
\BOOKMARK [1][-]{appendix.Alph3}{\376\377\000C\000\040\000D\000e\000t\000a\000l\000l\000e\000s\000\040\000A\000d\000i\000c\000i\000o\000n\000a\000l\000e\000s\000\040\000s\000o\000b\000r\000e\000\040\000E\000c\000o\000n\000o\000m\000\355\000a\000\040\000C\000i\000r\000c\000u\000l\000a\000r}{}% 69
\BOOKMARK [1][-]{appendix.Alph4}{\376\377\000D\000\040\000I\000m\000p\000a\000c\000t\000o\000\040\000d\000e\000l\000\040\000C\000a\000m\000b\000i\000o\000\040\000C\000l\000i\000m\000\341\000t\000i\000c\000o\000\040\000e\000n\000\040\000l\000a\000\040\000A\000g\000r\000i\000c\000u\000l\000t\000u\000r\000a}{}% 70
\BOOKMARK [1][-]{appendix.Alph5}{\376\377\000E\000\040\000M\000a\000r\000k\000e\000t\000i\000n\000g\000\040\000D\000i\000g\000i\000t\000a\000l\000\040\000p\000a\000r\000a\000\040\000P\000r\000o\000d\000u\000c\000t\000o\000r\000e\000s}{}% 71
\BOOKMARK [1][-]{appendix.Alph6}{\376\377\000F\000\040\000B\000l\000o\000c\000k\000c\000h\000a\000i\000n\000\040\000e\000n\000\040\000l\000a\000\040\000T\000r\000a\000z\000a\000b\000i\000l\000i\000d\000a\000d\000\040\000A\000g\000r\000\355\000c\000o\000l\000a}{}% 72
\BOOKMARK [1][-]{appendix.Alph7}{\376\377\000G\000\040\000P\000a\000g\000o\000s\000\040\000D\000i\000g\000i\000t\000a\000l\000e\000s\000\040\000y\000\040\000F\000i\000n\000a\000n\000c\000i\000a\000c\000i\000\363\000n}{}% 73
\BOOKMARK [1][-]{appendix.Alph8}{\376\377\000H\000\040\000C\000o\000o\000p\000e\000r\000a\000c\000i\000\363\000n\000\040\000e\000n\000t\000r\000e\000\040\000A\000g\000r\000i\000c\000u\000l\000t\000o\000r\000e\000s}{}% 74
\BOOKMARK [1][-]{appendix.Alph9}{\376\377\000I\000\040\000S\000o\000b\000e\000r\000a\000n\000\355\000a\000\040\000A\000l\000i\000m\000e\000n\000t\000a\000r\000i\000a}{}% 75
\BOOKMARK [1][-]{appendix.Alph10}{\376\377\000J\000\040\000V\000i\000s\000i\000\363\000n\000\040\000F\000u\000t\000u\000r\000i\000s\000t\000a\000\040\000d\000e\000l\000\040\000A\000g\000r\000o}{}% 76
\BOOKMARK [1][-]{appendix.Alph11}{\376\377\000K\000\040\000L\000o\000g\000\355\000s\000t\000i\000c\000a\000\040\000y\000\040\000C\000a\000d\000e\000n\000a\000\040\000d\000e\000\040\000S\000u\000m\000i\000n\000i\000s\000t\000r\000o}{}% 77
\BOOKMARK [1][-]{appendix.Alph12}{\376\377\000L\000\040\000A\000n\000\341\000l\000i\000s\000i\000s\000\040\000d\000e\000\040\000M\000e\000r\000c\000a\000d\000o}{}% 78
\BOOKMARK [1][-]{appendix.Alph13}{\376\377\000M\000\040\000P\000a\000r\000t\000i\000c\000i\000p\000a\000c\000i\000\363\000n\000\040\000C\000o\000m\000u\000n\000i\000t\000a\000r\000i\000a}{}% 79
\BOOKMARK [1][-]{appendix.Alph14}{\376\377\000N\000\040\000I\000m\000p\000a\000c\000t\000o\000\040\000A\000m\000b\000i\000e\000n\000t\000a\000l}{}% 80
\BOOKMARK [1][-]{appendix.Alph15}{\376\377\000\321\000\040\000I\000n\000t\000e\000g\000r\000a\000c\000i\000\363\000n\000\040\000T\000e\000c\000n\000o\000l\000\363\000g\000i\000c\000a}{}% 81
\BOOKMARK [1][-]{appendix.Alph16}{\376\377\000O\000\040\000E\000d\000u\000c\000a\000c\000i\000\363\000n\000\040\000C\000o\000n\000t\000i\000n\000u\000a}{}% 82
\BOOKMARK [1][-]{appendix.Alph17}{\376\377\000P\000\040\000R\000e\000d\000e\000s\000\040\000d\000e\000\040\000C\000o\000l\000a\000b\000o\000r\000a\000c\000i\000\363\000n}{}% 83
\BOOKMARK [1][-]{appendix.Alph18}{\376\377\000Q\000\040\000E\000v\000a\000l\000u\000a\000c\000i\000\363\000n\000\040\000d\000e\000\040\000I\000m\000p\000a\000c\000t\000o}{}% 84
\BOOKMARK [1][-]{appendix.Alph19}{\376\377\000R\000\040\000C\000a\000s\000o\000s\000\040\000d\000e\000\040\000E\000s\000t\000u\000d\000i\000o}{}% 85
\BOOKMARK [1][-]{appendix.Alph20}{\376\377\000S\000\040\000D\000e\000s\000a\000f\000\355\000o\000s\000\040\000F\000u\000t\000u\000r\000o\000s}{}% 86
\BOOKMARK [1][-]{appendix.Alph21}{\376\377\000T\000\040\000C\000o\000n\000c\000l\000u\000s\000i\000o\000n\000e\000s\000\040\000d\000e\000l\000\040\000A\000p\000\351\000n\000d\000i\000c\000e}{}% 87
\BOOKMARK [1][-]{section*.9}{\376\377\000R\000e\000f\000e\000r\000e\000n\000c\000i\000a\000s}{}% 88
