\BOOKMARK [1][-]{section.1}{\376\377\000I\000n\000t\000r\000o\000d\000u\000c\000c\000i\000\363\000n}{}% 1
\BOOKMARK [1][-]{section.2}{\376\377\000T\000r\000a\000b\000a\000j\000o\000s\000\040\000R\000e\000l\000a\000c\000i\000o\000n\000a\000d\000o\000s}{}% 2
\BOOKMARK [2][-]{subsection.2.1}{\376\377\000E\000s\000t\000r\000a\000t\000e\000g\000i\000a\000s\000\040\000d\000e\000\040\000D\000e\000s\000p\000l\000i\000e\000g\000u\000e\000\040\000y\000\040\000C\000o\000n\000f\000i\000g\000u\000r\000a\000c\000i\000\363\000n\000\040\000D\000i\000n\000\341\000m\000i\000c\000a}{section.2}% 3
\BOOKMARK [2][-]{subsection.2.2}{\376\377\000C\000o\000m\000p\000l\000e\000j\000i\000d\000a\000d\000\040\000C\000i\000c\000l\000o\000m\000\341\000t\000i\000c\000a\000\040\000y\000\040\000C\000o\000s\000t\000o\000\040\000C\000o\000g\000n\000i\000t\000i\000v\000o}{section.2}% 4
\BOOKMARK [2][-]{subsection.2.3}{\376\377\000E\000l\000\040\000D\000e\000s\000a\000f\000\355\000o\000\040\000d\000e\000\040\000l\000a\000\040\000D\000e\000u\000d\000a\000\040\000T\000\351\000c\000n\000i\000c\000a\000:\000\040\000D\000e\000t\000e\000c\000c\000i\000\363\000n\000\040\000y\000\040\000L\000i\000m\000p\000i\000e\000z\000a}{section.2}% 5
\BOOKMARK [2][-]{subsection.2.4}{\376\377\000I\000n\000t\000e\000r\000d\000e\000p\000e\000n\000d\000e\000n\000c\000i\000a\000s\000\040\000y\000\040\000C\000o\000n\000f\000l\000i\000c\000t\000o\000s\000\040\000e\000n\000\040\000E\000s\000c\000a\000l\000a}{section.2}% 6
\BOOKMARK [2][-]{subsection.2.5}{\376\377\000T\000a\000x\000o\000n\000o\000m\000\355\000a\000s\000\040\000y\000\040\000C\000o\000n\000v\000e\000r\000g\000e\000n\000c\000i\000a\000\040\000c\000o\000n\000\040\000M\000o\000d\000e\000l\000o\000s\000\040\000d\000e\000\040\000N\000e\000g\000o\000c\000i\000o}{section.2}% 7
\BOOKMARK [1][-]{section.3}{\376\377\000M\000e\000t\000o\000d\000o\000l\000o\000g\000\355\000a}{}% 8
\BOOKMARK [2][-]{subsection.3.1}{\376\377\000F\000a\000s\000e\000\040\0001\000:\000\040\000I\000n\000g\000e\000n\000i\000e\000r\000\355\000a\000\040\000y\000\040\000C\000o\000n\000s\000t\000r\000u\000c\000c\000i\000\363\000n\000\040\000d\000e\000l\000\040\000C\000a\000s\000o\000\040\000d\000e\000\040\000E\000s\000t\000u\000d\000i\000o}{section.3}% 9
\BOOKMARK [3][-]{subsubsection.3.1.1}{\376\377\000E\000s\000t\000r\000a\000t\000e\000g\000i\000a\000\040\000d\000e\000\040\000D\000e\000s\000a\000r\000r\000o\000l\000l\000o\000\040\000\301\000g\000i\000l\000\040\000\050\000S\000c\000r\000u\000m\000\051}{subsection.3.1}% 10
\BOOKMARK [3][-]{subsubsection.3.1.2}{\376\377\000C\000a\000p\000t\000u\000r\000a\000\040\000d\000e\000\040\000R\000e\000q\000u\000i\000s\000i\000t\000o\000s\000\040\000y\000\040\000D\000i\000s\000e\000\361\000o\000\040\000C\000e\000n\000t\000r\000a\000d\000o\000\040\000e\000n\000\040\000e\000l\000\040\000U\000s\000u\000a\000r\000i\000o\000\040\000\050\000U\000C\000D\000\051}{subsection.3.1}% 11
\BOOKMARK [3][-]{subsubsection.3.1.3}{\376\377\000I\000n\000f\000r\000a\000e\000s\000t\000r\000u\000c\000t\000u\000r\000a\000\040\000y\000\040\000P\000i\000p\000e\000l\000i\000n\000e\000\040\000d\000e\000\040\000D\000e\000s\000p\000l\000i\000e\000g\000u\000e}{subsection.3.1}% 12
\BOOKMARK [2][-]{subsection.3.2}{\376\377\000F\000a\000s\000e\000\040\0002\000:\000\040\000P\000r\000o\000t\000o\000c\000o\000l\000o\000\040\000d\000e\000\040\000R\000e\000v\000i\000s\000i\000\363\000n\000\040\000S\000i\000s\000t\000e\000m\000\341\000t\000i\000c\000a}{section.3}% 13
\BOOKMARK [3][-]{subsubsection.3.2.1}{\376\377\000C\000r\000i\000t\000e\000r\000i\000o\000s\000\040\000d\000e\000\040\000S\000e\000l\000e\000c\000c\000i\000\363\000n\000\040\000y\000\040\000B\000\372\000s\000q\000u\000e\000d\000a}{subsection.3.2}% 14
\BOOKMARK [3][-]{subsubsection.3.2.2}{\376\377\000A\000n\000\341\000l\000i\000s\000i\000s\000\040\000y\000\040\000T\000a\000x\000o\000n\000o\000m\000\355\000a}{subsection.3.2}% 15
\BOOKMARK [2][-]{subsection.3.3}{\376\377\000F\000a\000s\000e\000\040\0003\000:\000\040\000M\000o\000d\000e\000l\000a\000d\000o\000\040\000y\000\040\000M\000a\000p\000e\000o\000\040\000A\000r\000q\000u\000i\000t\000e\000c\000t\000\363\000n\000i\000c\000o}{section.3}% 16
\BOOKMARK [1][-]{section.4}{\376\377\000I\000m\000p\000l\000e\000m\000e\000n\000t\000a\000c\000i\000\363\000n\000\040\000y\000\040\000P\000r\000o\000p\000u\000e\000s\000t\000a\000\040\000A\000r\000q\000u\000i\000t\000e\000c\000t\000\363\000n\000i\000c\000a}{}% 17
\BOOKMARK [2][-]{subsection.4.1}{\376\377\000L\000\355\000n\000e\000a\000\040\000B\000a\000s\000e\000:\000\040\000A\000r\000q\000u\000i\000t\000e\000c\000t\000u\000r\000a\000\040\000A\000c\000t\000u\000a\000l\000\040\000d\000e\000l\000\040\000P\000o\000r\000t\000a\000l\000\040\000\050\000A\000s\000-\000I\000s\000\051}{section.4}% 18
\BOOKMARK [3][-]{subsubsection.4.1.1}{\376\377\000E\000l\000\040\000N\000\372\000c\000l\000e\000o\000\040\000T\000r\000a\000n\000s\000a\000c\000c\000i\000o\000n\000a\000l\000\040\000\050\000B\000a\000c\000k\000e\000n\000d\000\040\000M\000o\000n\000o\000l\000\355\000t\000i\000c\000o\000\051}{subsection.4.1}% 19
\BOOKMARK [3][-]{subsubsection.4.1.2}{\376\377\000E\000s\000t\000r\000a\000t\000e\000g\000i\000a\000\040\000d\000e\000\040\000S\000u\000p\000e\000r\000v\000i\000v\000e\000n\000c\000i\000a\000\040\000D\000i\000g\000i\000t\000a\000l\000\040\000\050\000F\000r\000o\000n\000t\000e\000n\000d\000\040\000S\000P\000A\000\051}{subsection.4.1}% 20
\BOOKMARK [3][-]{subsubsection.4.1.3}{\376\377\000E\000l\000\040\000P\000r\000o\000b\000l\000e\000m\000a\000\040\000d\000e\000l\000\040\000A\000c\000o\000p\000l\000a\000m\000i\000e\000n\000t\000o\000\040\000e\000n\000\040\000e\000l\000\040\000D\000e\000s\000p\000l\000i\000e\000g\000u\000e}{subsection.4.1}% 21
\BOOKMARK [2][-]{subsection.4.2}{\376\377\000P\000r\000o\000p\000u\000e\000s\000t\000a\000\040\000d\000e\000\040\000D\000i\000s\000e\000\361\000o\000:\000\040\000A\000r\000q\000u\000i\000t\000e\000c\000t\000u\000r\000a\000\040\000O\000r\000i\000e\000n\000t\000a\000d\000a\000\040\000a\000\040\000T\000o\000g\000g\000l\000e\000s\000\040\000\050\000T\000o\000-\000B\000e\000\051}{section.4}% 22
\BOOKMARK [3][-]{subsubsection.4.2.1}{\376\377\000A\000r\000q\000u\000i\000t\000e\000c\000t\000u\000r\000a\000\040\000d\000e\000l\000\040\000F\000e\000a\000t\000u\000r\000e\000\040\000M\000a\000n\000a\000g\000e\000r}{subsection.4.2}% 23
\BOOKMARK [3][-]{subsubsection.4.2.2}{\376\377\000E\000s\000t\000r\000a\000t\000e\000g\000i\000a\000\040\000d\000e\000\040\000I\000n\000t\000e\000r\000c\000e\000p\000t\000a\000c\000i\000\363\000n\000\040\000e\000n\000\040\000B\000a\000c\000k\000e\000n\000d\000\040\000\050\000.\000N\000E\000T\000\051}{subsection.4.2}% 24
\BOOKMARK [3][-]{subsubsection.4.2.3}{\376\377\000O\000p\000t\000i\000m\000i\000z\000a\000c\000i\000\363\000n\000\040\000F\000r\000o\000n\000t\000e\000n\000d\000\040\000c\000o\000n\000\040\000C\000a\000r\000g\000a\000\040\000C\000o\000n\000d\000i\000c\000i\000o\000n\000a\000l\000\040\000\050\000A\000n\000g\000u\000l\000a\000r\000\051}{subsection.4.2}% 25
\BOOKMARK [3][-]{subsubsection.4.2.4}{\376\377\000M\000a\000n\000e\000j\000o\000\040\000d\000e\000\040\000B\000a\000s\000e\000\040\000d\000e\000\040\000D\000a\000t\000o\000s\000:\000\040\000P\000a\000t\000r\000\363\000n\000\040\000E\000x\000p\000a\000n\000d\040\023\000C\000o\000n\000t\000r\000a\000c\000t}{subsection.4.2}% 26
\BOOKMARK [3][-]{subsubsection.4.2.5}{\376\377\000E\000s\000t\000r\000a\000t\000e\000g\000i\000a\000\040\000d\000e\000\040\000C\000a\000c\000h\000\351\000\040\000y\000\040\000R\000e\000n\000d\000i\000m\000i\000e\000n\000t\000o}{subsection.4.2}% 27
\BOOKMARK [1][-]{section.5}{\376\377\000R\000e\000s\000u\000l\000t\000a\000d\000o\000s}{}% 28
\BOOKMARK [2][-]{subsection.5.1}{\376\377\000R\000e\000s\000u\000l\000t\000a\000d\000o\000s\000\040\000d\000e\000l\000\040\000P\000r\000o\000t\000o\000t\000i\000p\000o\000\040\000F\000u\000n\000c\000i\000o\000n\000a\000l\000\040\000\050\000L\000\355\000n\000e\000a\000\040\000B\000a\000s\000e\000\051}{section.5}% 29
\BOOKMARK [3][-]{subsubsection.5.1.1}{\376\377\000V\000a\000l\000i\000d\000a\000c\000i\000\363\000n\000\040\000d\000e\000\040\000U\000s\000a\000b\000i\000l\000i\000d\000a\000d\000\040\000y\000\040\000C\000u\000r\000v\000a\000\040\000d\000e\000\040\000A\000p\000r\000e\000n\000d\000i\000z\000a\000j\000e}{subsection.5.1}% 30
\BOOKMARK [3][-]{subsubsection.5.1.2}{\376\377\000D\000e\000s\000e\000m\000p\000e\000\361\000o\000\040\000W\000e\000b\000\040\000e\000n\000\040\000R\000e\000d\000e\000s\000\040\000d\000e\000\040\000B\000a\000j\000a\000\040\000V\000e\000l\000o\000c\000i\000d\000a\000d}{subsection.5.1}% 31
\BOOKMARK [3][-]{subsubsection.5.1.3}{\376\377\000E\000v\000i\000d\000e\000n\000c\000i\000a\000\040\000d\000e\000\040\000l\000a\000\040\000R\000i\000g\000i\000d\000e\000z\000\040\000O\000p\000e\000r\000a\000t\000i\000v\000a\000\040\000\050\000E\000l\000\040\000P\000r\000o\000b\000l\000e\000m\000a\000\051}{subsection.5.1}% 32
\BOOKMARK [2][-]{subsection.5.2}{\376\377\000E\000v\000a\000l\000u\000a\000c\000i\000\363\000n\000\040\000d\000e\000l\000\040\000D\000i\000s\000e\000\361\000o\000\040\000d\000e\000\040\000F\000e\000a\000t\000u\000r\000e\000\040\000T\000o\000g\000g\000l\000e\000s\000\040\000\050\000S\000i\000m\000u\000l\000a\000c\000i\000\363\000n\000\051}{section.5}% 33
\BOOKMARK [3][-]{subsubsection.5.2.1}{\376\377\000I\000m\000p\000a\000c\000t\000o\000\040\000e\000n\000\040\000l\000a\000\040\000C\000o\000m\000p\000l\000e\000j\000i\000d\000a\000d\000\040\000C\000i\000c\000l\000o\000m\000\341\000t\000i\000c\000a}{subsection.5.2}% 34
\BOOKMARK [3][-]{subsubsection.5.2.2}{\376\377\000A\000n\000\341\000l\000i\000s\000i\000s\000\040\000d\000e\000\040\000L\000a\000t\000e\000n\000c\000i\000a\000\040\000y\000\040\000S\000o\000b\000r\000e\000c\000a\000r\000g\000a\000\040\000\050\000O\000v\000e\000r\000h\000e\000a\000d\000\051}{subsection.5.2}% 35
\BOOKMARK [3][-]{subsubsection.5.2.3}{\376\377\000R\000e\000d\000u\000c\000c\000i\000\363\000n\000\040\000D\000r\000\341\000s\000t\000i\000c\000a\000\040\000d\000e\000l\000\040\000M\000T\000T\000R\000\040\000\050\000T\000i\000e\000m\000p\000o\000\040\000d\000e\000\040\000R\000e\000c\000u\000p\000e\000r\000a\000c\000i\000\363\000n\000\051}{subsection.5.2}% 36
\BOOKMARK [3][-]{subsubsection.5.2.4}{\376\377\000G\000o\000b\000e\000r\000n\000a\000n\000z\000a\000\040\000y\000\040\000P\000r\000o\000y\000e\000c\000c\000i\000\363\000n\000\040\000d\000e\000\040\000D\000e\000u\000d\000a\000\040\000T\000\351\000c\000n\000i\000c\000a}{subsection.5.2}% 37
\BOOKMARK [1][-]{section.6}{\376\377\000D\000i\000s\000c\000u\000s\000i\000\363\000n}{}% 38
\BOOKMARK [2][-]{subsection.6.1}{\376\377\000E\000l\000\040\000D\000i\000l\000e\000m\000a\000\040\000\311\000t\000i\000c\000o\000-\000T\000\351\000c\000n\000i\000c\000o\000:\000\040\000C\000a\000r\000g\000a\000\040\000C\000o\000g\000n\000i\000t\000i\000v\000a\000\040\000v\000s\000.\000\040\000R\000e\000s\000i\000l\000i\000e\000n\000c\000i\000a\000\040\000O\000p\000e\000r\000a\000t\000i\000v\000a}{section.6}% 39
\BOOKMARK [2][-]{subsection.6.2}{\376\377\000E\000l\000\040\000D\000e\000s\000a\000f\000\355\000o\000\040\000d\000e\000\040\000l\000a\000\040\000D\000e\000u\000d\000a\000\040\000T\000\351\000c\000n\000i\000c\000a\000\040\000y\000\040\000l\000a\000\040\000P\000s\000i\000c\000o\000l\000o\000g\000\355\000a\000\040\000d\000e\000l\000\040\000D\000e\000s\000a\000r\000r\000o\000l\000l\000a\000d\000o\000r}{section.6}% 40
\BOOKMARK [2][-]{subsection.6.3}{\376\377\000L\000a\000\040\000E\000x\000p\000l\000o\000s\000i\000\363\000n\000\040\000C\000o\000m\000b\000i\000n\000a\000t\000o\000r\000i\000a\000\040\000y\000\040\000e\000l\000\040\000`\000`\000I\000n\000f\000i\000e\000r\000n\000o\000\040\000d\000e\000\040\000l\000a\000\040\000C\000o\000n\000f\000i\000g\000u\000r\000a\000c\000i\000\363\000n\000'\000'}{section.6}% 41
\BOOKMARK [2][-]{subsection.6.4}{\376\377\000V\000e\000c\000t\000o\000r\000e\000s\000\040\000d\000e\000\040\000S\000e\000g\000u\000r\000i\000d\000a\000d\000\040\000y\000\040\000F\000e\000a\000t\000u\000r\000e\000\040\000L\000e\000a\000k\000i\000n\000g}{section.6}% 42
\BOOKMARK [2][-]{subsection.6.5}{\376\377\000R\000o\000m\000p\000i\000e\000n\000d\000o\000\040\000e\000l\000\040\000M\000i\000t\000o\000\040\000d\000e\000l\000\040\000`\000`\000S\000o\000f\000t\000w\000a\000r\000e\000\040\000R\000u\000r\000a\000l\000\040\000S\000i\000m\000p\000l\000e\000'\000'}{section.6}% 43
\BOOKMARK [1][-]{section.7}{\376\377\000C\000o\000n\000c\000l\000u\000s\000i\000o\000n\000e\000s\000\040\000y\000\040\000T\000r\000a\000b\000a\000j\000o\000\040\000F\000u\000t\000u\000r\000o}{}% 44
\BOOKMARK [2][-]{subsection.7.1}{\376\377\000S\000\355\000n\000t\000e\000s\000i\000s\000\040\000d\000e\000\040\000H\000a\000l\000l\000a\000z\000g\000o\000s\000\040\000y\000\040\000C\000o\000n\000c\000l\000u\000s\000i\000o\000n\000e\000s}{section.7}% 45
\BOOKMARK [3][-]{subsubsection.7.1.1}{\376\377\000L\000a\000\040\000S\000o\000b\000e\000r\000a\000n\000\355\000a\000\040\000D\000i\000g\000i\000t\000a\000l\000\040\000c\000o\000m\000o\000\040\000M\000o\000t\000o\000r\000\040\000d\000e\000\040\000C\000o\000m\000p\000e\000t\000i\000t\000i\000v\000i\000d\000a\000d}{subsection.7.1}% 46
\BOOKMARK [3][-]{subsubsection.7.1.2}{\376\377\000O\000b\000s\000o\000l\000e\000s\000c\000e\000n\000c\000i\000a\000\040\000d\000e\000l\000\040\000D\000e\000s\000p\000l\000i\000e\000g\000u\000e\000\040\000M\000o\000n\000o\000l\000\355\000t\000i\000c\000o}{subsection.7.1}% 47
\BOOKMARK [3][-]{subsubsection.7.1.3}{\376\377\000E\000l\000\040\000`\000`\000I\000m\000p\000u\000e\000s\000t\000o\000\040\000d\000e\000\040\000C\000o\000m\000p\000l\000e\000j\000i\000d\000a\000d\000'\000'\000\040\000y\000\040\000l\000a\000\040\000R\000e\000s\000i\000l\000i\000e\000n\000c\000i\000a}{subsection.7.1}% 48
\BOOKMARK [2][-]{subsection.7.2}{\376\377\000L\000i\000m\000i\000t\000a\000c\000i\000o\000n\000e\000s\000\040\000d\000e\000l\000\040\000E\000s\000t\000u\000d\000i\000o}{section.7}% 49
\BOOKMARK [2][-]{subsection.7.3}{\376\377\000T\000r\000a\000b\000a\000j\000o\000\040\000F\000u\000t\000u\000r\000o\000:\000\040\000H\000o\000j\000a\000\040\000d\000e\000\040\000R\000u\000t\000a\000\040\000T\000e\000c\000n\000o\000l\000\363\000g\000i\000c\000a}{section.7}% 50
\BOOKMARK [3][-]{subsubsection.7.3.1}{\376\377\000C\000o\000r\000t\000o\000\040\000P\000l\000a\000z\000o\000:\000\040\000V\000a\000l\000i\000d\000a\000c\000i\000\363\000n\000\040\000d\000e\000\040\000D\000e\000s\000e\000m\000p\000e\000\361\000o\000\040\000y\000\040\000C\000a\000o\000s\000\040\000\050\000P\000e\000r\000f\000o\000r\000m\000a\000n\000c\000e\000\051}{subsection.7.3}% 51
\BOOKMARK [3][-]{subsubsection.7.3.2}{\376\377\000M\000e\000d\000i\000a\000n\000o\000\040\000P\000l\000a\000z\000o\000:\000\040\000A\000u\000t\000o\000m\000a\000t\000i\000z\000a\000c\000i\000\363\000n\000\040\000d\000e\000\040\000l\000a\000\040\000H\000i\000g\000i\000e\000n\000e\000\040\000d\000e\000l\000\040\000C\000\363\000d\000i\000g\000o}{subsection.7.3}% 52
\BOOKMARK [3][-]{subsubsection.7.3.3}{\376\377\000L\000a\000r\000g\000o\000\040\000P\000l\000a\000z\000o\000:\000\040\000S\000e\000g\000m\000e\000n\000t\000a\000c\000i\000\363\000n\000\040\000C\000o\000m\000e\000r\000c\000i\000a\000l\000\040\000y\000\040\000M\000o\000d\000e\000l\000o\000\040\000S\000a\000a\000S}{subsection.7.3}% 53
\BOOKMARK [1][-]{section*.10}{\376\377\000A\000p\000\351\000n\000d\000i\000c\000e}{}% 54
