\BOOKMARK [1][-]{section*.4}{\376\377\000I\000n\000t\000r\000o\000d\000u\000c\000c\000i\000\363\000n}{}% 1
\BOOKMARK [1][-]{section*.5}{\376\377\000M\000a\000r\000c\000o\000\040\000T\000e\000\363\000r\000i\000c\000o\000\040\000y\000\040\000T\000r\000a\000b\000a\000j\000o\000s\000\040\000R\000e\000l\000a\000c\000i\000o\000n\000a\000d\000o\000s}{}% 2
\BOOKMARK [2][-]{section*.6}{\376\377\000D\000e\000u\000d\000a\000\040\000T\000\351\000c\000n\000i\000c\000a\000:\000\040\000C\000o\000n\000c\000e\000p\000t\000o\000,\000\040\000T\000i\000p\000o\000s\000\040\000y\000\040\000C\000o\000s\000t\000o\000\040\000O\000p\000e\000r\000a\000c\000i\000o\000n\000a\000l}{section*.5}% 3
\BOOKMARK [2][-]{section*.9}{\376\377\000L\000a\000s\000\040\000B\000a\000s\000e\000s\000\040\000F\000u\000n\000d\000a\000m\000e\000n\000t\000a\000l\000e\000s\000:\000\040\000R\000e\000f\000a\000c\000t\000o\000r\000i\000z\000a\000c\000i\000\363\000n\000\040\000y\000\040\000D\000i\000s\000e\000\361\000o\000\040\000S\000o\000s\000t\000e\000n\000i\000b\000l\000e}{section*.5}% 4
\BOOKMARK [2][-]{section*.15}{\376\377\000C\000a\000l\000i\000d\000a\000d\000,\000\040\000C\000u\000l\000t\000u\000r\000a\000\040\000y\000\040\000l\000a\000\040\000E\000v\000o\000l\000u\000c\000i\000\363\000n\000\040\000d\000e\000l\000\040\000S\000o\000f\000t\000w\000a\000r\000e}{section*.5}% 5
\BOOKMARK [2][-]{section*.18}{\376\377\000N\000u\000e\000s\000t\000r\000a\000\040\000C\000o\000n\000t\000r\000i\000b\000u\000c\000i\000\363\000n\000:\000\040\000E\000l\000\040\000M\000a\000r\000c\000o\000\040\000U\000n\000i\000f\000i\000c\000a\000d\000o\000\040\000y\000\040\000l\000a\000\040\000V\000i\000s\000i\000\363\000n\000\040\000R\000e\000g\000i\000o\000n\000a\000l}{section*.5}% 6
\BOOKMARK [1][-]{section*.21}{\376\377\000M\000a\000r\000c\000o\000\040\000M\000e\000t\000o\000d\000o\000l\000\363\000g\000i\000c\000o\000\040\000y\000\040\000E\000s\000t\000r\000a\000t\000e\000g\000i\000a\000s\000\040\000d\000e\000\040\000R\000e\000f\000a\000c\000t\000o\000r\000i\000z\000a\000c\000i\000\363\000n}{}% 7
\BOOKMARK [2][-]{section*.22}{\376\377\000G\000e\000s\000t\000i\000\363\000n\000\040\000d\000e\000l\000\040\000P\000r\000o\000y\000e\000c\000t\000o\000:\000\040\000L\000a\000\040\000D\000i\000s\000c\000i\000p\000l\000i\000n\000a\000\040\000d\000e\000\040\000S\000c\000r\000u\000m}{section*.21}% 8
\BOOKMARK [2][-]{section*.30}{\376\377\000E\000s\000t\000r\000u\000c\000t\000u\000r\000a\000\040\000A\000r\000q\000u\000i\000t\000e\000c\000t\000\363\000n\000i\000c\000a\000:\000\040\000E\000v\000i\000t\000a\000n\000d\000o\000\040\000e\000l\000\040\000C\000a\000o\000s}{section*.21}% 9
\BOOKMARK [2][-]{section*.34}{\376\377\000C\000a\000l\000i\000d\000a\000d\000\040\000C\000o\000n\000t\000i\000n\000u\000a\000\040\000c\000o\000n\000\040\000D\000e\000v\000S\000e\000c\000O\000p\000s}{section*.21}% 10
\BOOKMARK [2][-]{section*.45}{\376\377\000M\000a\000n\000t\000e\000n\000i\000m\000i\000e\000n\000t\000o\000\040\000y\000\040\000R\000e\000n\000d\000i\000m\000i\000e\000n\000t\000o\000:\000\040\000M\000e\000t\000a\000s\000\040\000C\000l\000a\000v\000e}{section*.21}% 11
\BOOKMARK [1][-]{section*.51}{\376\377\000I\000m\000p\000l\000e\000m\000e\000n\000t\000a\000c\000i\000\363\000n\000\040\000P\000r\000\341\000c\000t\000i\000c\000a\000\040\000y\000\040\000C\000a\000s\000o\000s\000\040\000d\000e\000\040\000E\000s\000t\000u\000d\000i\000o}{}% 12
\BOOKMARK [2][-]{section*.52}{\376\377\000A\000r\000q\000u\000i\000t\000e\000c\000t\000u\000r\000a\000s\000\040\000M\000o\000d\000u\000l\000a\000r\000e\000s\000\040\000y\000\040\000E\000s\000c\000a\000l\000a\000b\000l\000e\000s\000:\000\040\000L\000o\000s\000\040\000C\000i\000m\000i\000e\000n\000t\000o\000s\000\040\000T\000\351\000c\000n\000i\000c\000o\000s}{section*.51}% 13
\BOOKMARK [2][-]{section*.55}{\376\377\000I\000n\000t\000e\000g\000r\000a\000c\000i\000\363\000n\000\040\000d\000e\000\040\000C\000a\000l\000i\000d\000a\000d\000\040\000C\000o\000n\000t\000i\000n\000u\000a\000\040\000\050\000D\000e\000v\000S\000e\000c\000O\000p\000s\000\051}{section*.51}% 14
\BOOKMARK [2][-]{section*.57}{\376\377\000P\000a\000t\000r\000o\000n\000e\000s\000\040\000A\000r\000q\000u\000i\000t\000e\000c\000t\000\363\000n\000i\000c\000o\000s\000\040\000A\000v\000a\000n\000z\000a\000d\000o\000s\000\040\000A\000p\000l\000i\000c\000a\000d\000o\000s}{section*.51}% 15
\BOOKMARK [2][-]{section*.60}{\376\377\000C\000a\000s\000o\000s\000\040\000d\000e\000\040\000I\000m\000p\000l\000e\000m\000e\000n\000t\000a\000c\000i\000\363\000n\000\040\000D\000e\000t\000a\000l\000l\000a\000d\000o\000s\000:\000\040\000A\000p\000l\000i\000c\000a\000n\000d\000o\000\040\000l\000a\000\040\000M\000o\000d\000u\000l\000a\000r\000i\000d\000a\000d}{section*.51}% 16
\BOOKMARK [2][-]{section*.63}{\376\377\000H\000o\000j\000a\000\040\000d\000e\000\040\000R\000u\000t\000a\000\040\000F\000i\000n\000a\000l}{section*.51}% 17
\BOOKMARK [1][-]{section*.68}{\376\377\000E\000v\000a\000l\000u\000a\000c\000i\000\363\000n\000\040\000y\000\040\000A\000n\000\341\000l\000i\000s\000i\000s\000\040\000d\000e\000\040\000R\000e\000s\000u\000l\000t\000a\000d\000o\000s\000\040\000\050\000L\000a\000\040\000P\000r\000u\000e\000b\000a\000\040\000d\000e\000\040\000F\000u\000e\000g\000o\000\051}{}% 18
\BOOKMARK [2][-]{section*.69}{\376\377\000E\000l\000\040\000R\000i\000e\000s\000g\000o\000\040\000d\000e\000\040\000R\000e\000f\000a\000c\000t\000o\000r\000i\000z\000a\000r\000:\000\040\000L\000e\000c\000c\000i\000o\000n\000e\000s\000\040\000d\000e\000l\000\040\000C\000a\000m\000p\000o}{section*.68}% 19
\BOOKMARK [2][-]{section*.72}{\376\377\000E\000l\000\040\000T\000e\000s\000t\000i\000n\000g\000\040\000c\000o\000m\000o\000\040\000G\000a\000r\000a\000n\000t\000\355\000a\000\040\000F\000u\000n\000c\000i\000o\000n\000a\000l\000:\000\040\000T\000D\000D\000\040\000e\000n\000\040\000A\000c\000c\000i\000\363\000n}{section*.68}% 20
\BOOKMARK [2][-]{section*.76}{\376\377\000A\000n\000\341\000l\000i\000s\000i\000s\000\040\000C\000u\000a\000n\000t\000i\000t\000a\000t\000i\000v\000o\000:\000\040\000L\000a\000s\000\040\000M\000\351\000t\000r\000i\000c\000a\000s\000\040\000D\000O\000R\000A\000\040\000y\000\040\000l\000a\000\040\000C\000a\000l\000i\000d\000a\000d}{section*.68}% 21
\BOOKMARK [2][-]{section*.80}{\376\377\000E\000l\000\040\000P\000o\000r\000q\000u\000\351\000\040\000d\000e\000l\000\040\000\311\000x\000i\000t\000o\000:\000\040\000C\000o\000s\000t\000o\000-\000B\000e\000n\000e\000f\000i\000c\000i\000o\000\040\000y\000\040\000F\000a\000c\000t\000o\000r\000e\000s\000\040\000C\000l\000a\000v\000e}{section*.68}% 22
\BOOKMARK [2][-]{section*.84}{\376\377\000C\000o\000n\000c\000l\000u\000s\000i\000\363\000n\000\040\000E\000j\000e\000c\000u\000t\000i\000v\000a\000:\000\040\000C\000h\000e\000c\000k\000l\000i\000s\000t\000\040\000d\000e\000\040\000S\000o\000s\000t\000e\000n\000i\000b\000i\000l\000i\000d\000a\000d}{section*.68}% 23
\BOOKMARK [1][-]{section*.85}{\376\377\000D\000i\000s\000c\000u\000s\000i\000\363\000n}{}% 24
\BOOKMARK [2][-]{section*.86}{\376\377\000A\000n\000\341\000l\000i\000s\000i\000s\000\040\000d\000e\000\040\000R\000i\000e\000s\000g\000o\000s\000\040\000y\000\040\000M\000i\000t\000i\000g\000a\000c\000i\000o\000n\000e\000s}{section*.85}% 25
\BOOKMARK [2][-]{section*.89}{\376\377\000C\000o\000n\000f\000r\000o\000n\000t\000a\000n\000d\000o\000\040\000N\000u\000e\000s\000t\000r\000a\000\040\000E\000s\000t\000r\000a\000t\000e\000g\000i\000a\000\040\000c\000o\000n\000\040\000l\000a\000\040\000T\000e\000o\000r\000\355\000a}{section*.85}% 26
\BOOKMARK [2][-]{section*.92}{\376\377\000P\000u\000s\000i\000m\000o\000s\000\040\000a\000\040\000P\000r\000u\000e\000b\000a\000\040\000l\000a\000s\000\040\000M\000e\000t\000o\000d\000o\000l\000o\000g\000\355\000a\000s\000\040\000d\000e\000\040\000R\000e\000f\000a\000c\000t\000o\000r\000i\000z\000a\000c\000i\000\363\000n}{section*.85}% 27
\BOOKMARK [2][-]{section*.96}{\376\377\000A\000n\000\341\000l\000i\000s\000i\000s\000\040\000d\000e\000\040\000V\000i\000a\000b\000i\000l\000i\000d\000a\000d\000\040\000E\000c\000o\000n\000\363\000m\000i\000c\000a}{section*.85}% 28
\BOOKMARK [2][-]{section*.99}{\376\377\000I\000m\000p\000l\000i\000c\000a\000c\000i\000o\000n\000e\000s\000\040\000p\000a\000r\000a\000\040\000l\000a\000\040\000F\000o\000r\000m\000a\000c\000i\000\363\000n\000\040\000P\000r\000o\000f\000e\000s\000i\000o\000n\000a\000l}{section*.85}% 29
\BOOKMARK [2][-]{section*.100}{\376\377\000L\000i\000m\000i\000t\000a\000c\000i\000o\000n\000e\000s\000\040\000y\000\040\000A\000m\000e\000n\000a\000z\000a\000s}{section*.85}% 30
\BOOKMARK [2][-]{section*.101}{\376\377\000C\000o\000n\000c\000l\000u\000s\000i\000o\000n\000e\000s\000\040\000s\000o\000b\000r\000e\000\040\000l\000a\000\040\000E\000v\000o\000l\000u\000c\000i\000\363\000n\000\040\000d\000e\000l\000\040\000C\000a\000m\000p\000o}{section*.85}% 31
\BOOKMARK [1][-]{section*.102}{\376\377\000C\000o\000n\000c\000l\000u\000s\000i\000o\000n\000e\000s\000\040\000y\000\040\000T\000r\000a\000b\000a\000j\000o\000\040\000F\000u\000t\000u\000r\000o}{}% 32
\BOOKMARK [2][-]{section*.103}{\376\377\000S\000\355\000n\000t\000e\000s\000i\000s\000\040\000d\000e\000\040\000H\000a\000l\000l\000a\000z\000g\000o\000s\000\040\000P\000r\000i\000n\000c\000i\000p\000a\000l\000e\000s\000\040\000\050\000R\000e\000s\000u\000m\000e\000n\000\040\000d\000e\000\040\000C\000o\000n\000t\000r\000i\000b\000u\000c\000i\000o\000n\000e\000s\000\051}{section*.102}% 33
\BOOKMARK [2][-]{section*.106}{\376\377\000I\000m\000p\000a\000c\000t\000o\000\040\000T\000r\000a\000n\000s\000f\000o\000r\000m\000a\000d\000o\000r\000\040\000e\000n\000\040\000l\000a\000\040\000I\000n\000d\000u\000s\000t\000r\000i\000a}{section*.102}% 34
\BOOKMARK [2][-]{section*.108}{\376\377\000L\000i\000m\000i\000t\000a\000c\000i\000o\000n\000e\000s\000\040\000y\000\040\000L\000e\000c\000c\000i\000o\000n\000e\000s\000\040\000A\000p\000r\000e\000n\000d\000i\000d\000a\000s}{section*.102}% 35
\BOOKMARK [2][-]{section*.109}{\376\377\000D\000i\000r\000e\000c\000c\000i\000o\000n\000e\000s\000\040\000E\000s\000t\000r\000a\000t\000\351\000g\000i\000c\000a\000s\000\040\000p\000a\000r\000a\000\040\000I\000n\000v\000e\000s\000t\000i\000g\000a\000c\000i\000\363\000n\000\040\000F\000u\000t\000u\000r\000a}{section*.102}% 36
\BOOKMARK [2][-]{section*.110}{\376\377\000C\000o\000n\000c\000l\000u\000s\000i\000\363\000n\000\040\000F\000i\000n\000a\000l\000:\000\040\000U\000n\000\040\000C\000a\000m\000i\000n\000o\000\040\000S\000o\000s\000t\000e\000n\000i\000b\000l\000e\000\040\000H\000a\000c\000i\000a\000\040\000e\000l\000\040\000F\000u\000t\000u\000r\000o}{section*.102}% 37
